Component: ARM Compiler 5.06 update 6 (build 750) Tool: armlink [4d35ed]

==============================================================================

Section Cross References

    startup_stm32f429_439xx.o(RESET) refers to startup_stm32f429_439xx.o(STACK) for __initial_sp
    startup_stm32f429_439xx.o(RESET) refers to startup_stm32f429_439xx.o(.text) for Reset_Handler
    startup_stm32f429_439xx.o(RESET) refers to stm32f4xx_it.o(i.NMI_Handler) for NMI_Handler
    startup_stm32f429_439xx.o(RESET) refers to stm32f4xx_it.o(i.HardFault_Handler) for HardFault_Handler
    startup_stm32f429_439xx.o(RESET) refers to stm32f4xx_it.o(i.MemManage_Handler) for MemManage_Handler
    startup_stm32f429_439xx.o(RESET) refers to stm32f4xx_it.o(i.BusFault_Handler) for BusFault_Handler
    startup_stm32f429_439xx.o(RESET) refers to stm32f4xx_it.o(i.UsageFault_Handler) for UsageFault_Handler
    startup_stm32f429_439xx.o(RESET) refers to stm32f4xx_it.o(i.SVC_Handler) for SVC_Handler
    startup_stm32f429_439xx.o(RESET) refers to stm32f4xx_it.o(i.DebugMon_Handler) for DebugMon_Handler
    startup_stm32f429_439xx.o(RESET) refers to stm32f4xx_it.o(i.PendSV_Handler) for PendSV_Handler
    startup_stm32f429_439xx.o(RESET) refers to stm32f4xx_it.o(i.SysTick_Handler) for SysTick_Handler
    startup_stm32f429_439xx.o(RESET) refers to stm32f4xx_it.o(i.USART1_IRQHandler) for USART1_IRQHandler
    startup_stm32f429_439xx.o(RESET) refers to bsp_basic_tim.o(i.TIM6_DAC_IRQHandler) for TIM6_DAC_IRQHandler
    startup_stm32f429_439xx.o(RESET) refers to bsp_basic_tim.o(i.TIM7_IRQHandler) for TIM7_IRQHandler
    startup_stm32f429_439xx.o(RESET) refers to stm32f4xx_it.o(i.OTG_FS_IRQHandler) for OTG_FS_IRQHandler
    startup_stm32f429_439xx.o(RESET) refers to usb_bsp.o(i.OTG_HS_EP1_OUT_IRQHandler) for OTG_HS_EP1_OUT_IRQHandler
    startup_stm32f429_439xx.o(RESET) refers to usb_bsp.o(i.OTG_HS_EP1_IN_IRQHandler) for OTG_HS_EP1_IN_IRQHandler
    startup_stm32f429_439xx.o(RESET) refers to usb_bsp.o(i.OTG_HS_IRQHandler) for OTG_HS_IRQHandler
    startup_stm32f429_439xx.o(.text) refers to system_stm32f4xx.o(i.SystemInit) for SystemInit
    startup_stm32f429_439xx.o(.text) refers to entry.o(.ARM.Collect$$$$00000000) for __main
    system_stm32f4xx.o(i.SystemCoreClockUpdate) refers to system_stm32f4xx.o(.data) for SystemCoreClock
    system_stm32f4xx.o(i.SystemInit) refers to system_stm32f4xx.o(i.SetSysClock) for SetSysClock
    stm32f4xx_adc.o(i.ADC_DeInit) refers to stm32f4xx_rcc.o(i.RCC_APB2PeriphResetCmd) for RCC_APB2PeriphResetCmd
    stm32f4xx_can.o(i.CAN_DeInit) refers to stm32f4xx_rcc.o(i.RCC_APB1PeriphResetCmd) for RCC_APB1PeriphResetCmd
    stm32f4xx_can.o(i.CAN_GetITStatus) refers to stm32f4xx_can.o(i.CheckITStatus) for CheckITStatus
    stm32f4xx_cryp.o(i.CRYP_DeInit) refers to stm32f4xx_rcc.o(i.RCC_AHB2PeriphResetCmd) for RCC_AHB2PeriphResetCmd
    stm32f4xx_cryp_aes.o(i.CRYP_AES_CBC) refers to stm32f4xx_cryp.o(i.CRYP_KeyStructInit) for CRYP_KeyStructInit
    stm32f4xx_cryp_aes.o(i.CRYP_AES_CBC) refers to stm32f4xx_cryp.o(i.CRYP_FIFOFlush) for CRYP_FIFOFlush
    stm32f4xx_cryp_aes.o(i.CRYP_AES_CBC) refers to stm32f4xx_cryp.o(i.CRYP_Init) for CRYP_Init
    stm32f4xx_cryp_aes.o(i.CRYP_AES_CBC) refers to stm32f4xx_cryp.o(i.CRYP_KeyInit) for CRYP_KeyInit
    stm32f4xx_cryp_aes.o(i.CRYP_AES_CBC) refers to stm32f4xx_cryp.o(i.CRYP_Cmd) for CRYP_Cmd
    stm32f4xx_cryp_aes.o(i.CRYP_AES_CBC) refers to stm32f4xx_cryp.o(i.CRYP_GetFlagStatus) for CRYP_GetFlagStatus
    stm32f4xx_cryp_aes.o(i.CRYP_AES_CBC) refers to stm32f4xx_cryp.o(i.CRYP_IVInit) for CRYP_IVInit
    stm32f4xx_cryp_aes.o(i.CRYP_AES_CBC) refers to stm32f4xx_cryp.o(i.CRYP_GetCmdStatus) for CRYP_GetCmdStatus
    stm32f4xx_cryp_aes.o(i.CRYP_AES_CBC) refers to stm32f4xx_cryp.o(i.CRYP_DataIn) for CRYP_DataIn
    stm32f4xx_cryp_aes.o(i.CRYP_AES_CBC) refers to stm32f4xx_cryp.o(i.CRYP_DataOut) for CRYP_DataOut
    stm32f4xx_cryp_aes.o(i.CRYP_AES_CCM) refers to stm32f4xx_cryp.o(i.CRYP_KeyStructInit) for CRYP_KeyStructInit
    stm32f4xx_cryp_aes.o(i.CRYP_AES_CCM) refers to stm32f4xx_cryp.o(i.CRYP_FIFOFlush) for CRYP_FIFOFlush
    stm32f4xx_cryp_aes.o(i.CRYP_AES_CCM) refers to stm32f4xx_cryp.o(i.CRYP_KeyInit) for CRYP_KeyInit
    stm32f4xx_cryp_aes.o(i.CRYP_AES_CCM) refers to stm32f4xx_cryp.o(i.CRYP_IVInit) for CRYP_IVInit
    stm32f4xx_cryp_aes.o(i.CRYP_AES_CCM) refers to stm32f4xx_cryp.o(i.CRYP_Init) for CRYP_Init
    stm32f4xx_cryp_aes.o(i.CRYP_AES_CCM) refers to stm32f4xx_cryp.o(i.CRYP_PhaseConfig) for CRYP_PhaseConfig
    stm32f4xx_cryp_aes.o(i.CRYP_AES_CCM) refers to stm32f4xx_cryp.o(i.CRYP_DataIn) for CRYP_DataIn
    stm32f4xx_cryp_aes.o(i.CRYP_AES_CCM) refers to stm32f4xx_cryp.o(i.CRYP_Cmd) for CRYP_Cmd
    stm32f4xx_cryp_aes.o(i.CRYP_AES_CCM) refers to stm32f4xx_cryp.o(i.CRYP_GetCmdStatus) for CRYP_GetCmdStatus
    stm32f4xx_cryp_aes.o(i.CRYP_AES_CCM) refers to stm32f4xx_cryp.o(i.CRYP_GetFlagStatus) for CRYP_GetFlagStatus
[...]
    RTC_WriteBackupRegister                  0x0800e6e9   Thumb Code    24  stm32f4xx_rtc.o(i.RTC_WriteBackupRegister)
    Range_adj                                0x0800e705   Thumb Code   100  adc.o(i.Range_adj)
    Range_out                                0x0800e771   Thumb Code    42  adc.o(i.Range_out)
    Read_Flash_Init_Handle                   0x0800e7ad   Thumb Code   146  main.o(i.Read_Flash_Init_Handle)
    Read_flag                                0x0800e859   Thumb Code    60  main.o(i.Read_flag)
    Rfocus_off                               0x0800e8a9   Thumb Code   400  bsp_key.o(i.Rfocus_off)
    SDRAM_Init                               0x0800eed9   Thumb Code   104  bsp_sdram.o(i.SDRAM_Init)
    SPI_Cmd                                  0x0800f02d   Thumb Code    24  stm32f4xx_spi.o(i.SPI_Cmd)
    SPI_FLASH_BufferRead                     0x0800f045   Thumb Code    74  bsp_spi_flash.o(i.SPI_FLASH_BufferRead)
    SPI_FLASH_BufferWrite                    0x0800f095   Thumb Code   290  bsp_spi_flash.o(i.SPI_FLASH_BufferWrite)
    SPI_FLASH_Init                           0x0800f1b9   Thumb Code   210  bsp_spi_flash.o(i.SPI_FLASH_Init)
    SPI_FLASH_PageWrite                      0x0800f295   Thumb Code    96  bsp_spi_flash.o(i.SPI_FLASH_PageWrite)
    SPI_FLASH_ReadDeviceID                   0x0800f32d   Thumb Code    54  bsp_spi_flash.o(i.SPI_FLASH_ReadDeviceID)
    SPI_FLASH_ReadID                         0x0800f369   Thumb Code    72  bsp_spi_flash.o(i.SPI_FLASH_ReadID)
    SPI_FLASH_SectorErase                    0x0800f3b5   Thumb Code    60  bsp_spi_flash.o(i.SPI_FLASH_SectorErase)
    SPI_FLASH_SendByte                       0x0800f3f5   Thumb Code   110  bsp_spi_flash.o(i.SPI_FLASH_SendByte)
    SPI_FLASH_WaitForWriteEnd                0x0800f46d   Thumb Code    74  bsp_spi_flash.o(i.SPI_FLASH_WaitForWriteEnd)
    SPI_FLASH_WriteEnable                    0x0800f4c1   Thumb Code    24  bsp_spi_flash.o(i.SPI_FLASH_WriteEnable)
    SPI_I2S_GetFlagStatus                    0x0800f4dd   Thumb Code    18  stm32f4xx_spi.o(i.SPI_I2S_GetFlagStatus)
    SPI_I2S_ReceiveData                      0x0800f4ef   Thumb Code     6  stm32f4xx_spi.o(i.SPI_I2S_ReceiveData)
    SPI_I2S_SendData                         0x0800f4f5   Thumb Code     4  stm32f4xx_spi.o(i.SPI_I2S_SendData)
    SPI_Init                                 0x0800f4f9   Thumb Code    60  stm32f4xx_spi.o(i.SPI_Init)
    SPIx_ReadWriteByte                       0x0800f5b5   Thumb Code   110  ch376.o(i.SPIx_ReadWriteByte)
    SVC_Handler                              0x0800f62d   Thumb Code     2  stm32f4xx_it.o(i.SVC_Handler)
    Save_flag                                0x0800f631   Thumb Code    66  main.o(i.Save_flag)
    Set_4052                                 0x0800f7a9   Thumb Code   126  adc.o(i.Set_4052)
    SpiRxByte                                0x0800f82d   Thumb Code    90  adc.o(i.SpiRxByte)
    SpiTxByte                                0x0800f895   Thumb Code    94  adc.o(i.SpiTxByte)
    SysTick_Handler                          0x0800f8fd   Thumb Code     8  stm32f4xx_it.o(i.SysTick_Handler)
    SysTick_Init                             0x0800f905   Thumb Code    88  bsp_systick.o(i.SysTick_Init)
    SystemInit                               0x0800f96d   Thumb Code    88  system_stm32f4xx.o(i.SystemInit)
    TIM6_DAC_IRQHandler                      0x0800f9d5   Thumb Code   356  bsp_basic_tim.o(i.TIM6_DAC_IRQHandler)
    TIM7_IRQHandler                          0x0800fb5d   Thumb Code    62  bsp_basic_tim.o(i.TIM7_IRQHandler)
    TIM_ClearFlag                            0x0800fba9   Thumb Code     6  stm32f4xx_tim.o(i.TIM_ClearFlag)
    TIM_ClearITPendingBit                    0x0800fbaf   Thumb Code     6  stm32f4xx_tim.o(i.TIM_ClearITPendingBit)
    TIM_Cmd                                  0x0800fbb5   Thumb Code    24  stm32f4xx_tim.o(i.TIM_Cmd)
    TIM_GetITStatus                          0x0800fbcd   Thumb Code    34  stm32f4xx_tim.o(i.TIM_GetITStatus)
    TIM_ITConfig                             0x0800fbef   Thumb Code    18  stm32f4xx_tim.o(i.TIM_ITConfig)
    TIM_OC1PreloadConfig                     0x0800fc41   Thumb Code    18  stm32f4xx_tim.o(i.TIM_OC1PreloadConfig)
    TIM_OC3Init                              0x0800fc55   Thumb Code   150  stm32f4xx_tim.o(i.TIM_OC3Init)
    TIM_PWMOUTPUT_Config                     0x0800fcf5   Thumb Code    94  bsp_basic_tim.o(i.TIM_PWMOUTPUT_Config)
    TIM_TimeBaseInit                         0x0800fd59   Thumb Code   104  stm32f4xx_tim.o(i.TIM_TimeBaseInit)
    TIMx_Configuration                       0x0800fddd   Thumb Code    24  bsp_basic_tim.o(i.TIMx_Configuration)
    Test_Process                             0x0800fe65   Thumb Code   554  main.o(i.Test_Process)
    TimingDelay_Decrement                    0x080100c1   Thumb Code    18  bsp_systick.o(i.TimingDelay_Decrement)
    Touch_GPIO_Config                        0x080100d9   Thumb Code   120  touchscreen.o(i.Touch_GPIO_Config)
    Touch_Init                               0x0801015d   Thumb Code    12  touchscreen.o(i.Touch_Init)
    Touch_Scan                               0x08010169   Thumb Code   330  touchscreen.o(i.Touch_Scan)
    UP_HANDLE                                0x080102f9   Thumb Code  2762  bsp_key.o(i.UP_HANDLE)
    USART1_IRQHandler                        0x08010dd1   Thumb Code   258  stm32f4xx_it.o(i.USART1_IRQHandler)
    USART_ClearITPendingBit                  0x08010ef1   Thumb Code    30  stm32f4xx_usart.o(i.USART_ClearITPendingBit)
    USART_GetFlagStatus                      0x08010f0f   Thumb Code    26  stm32f4xx_usart.o(i.USART_GetFlagStatus)
    USART_GetITStatus                        0x08010f29   Thumb Code    84  stm32f4xx_usart.o(i.USART_GetITStatus)
    USART_ReceiveData                        0x08010f7d   Thumb Code    10  stm32f4xx_usart.o(i.USART_ReceiveData)
    USART_SendData                           0x08010f87   Thumb Code     8  stm32f4xx_usart.o(i.USART_SendData)
    USBD_ClrCfg                              0x08010f8f   Thumb Code    22  usbd_core.o(i.USBD_ClrCfg)
    USBD_CtlContinueRx                       0x08010fed   Thumb Code    30  usbd_ioreq.o(i.USBD_CtlContinueRx)
    USBD_CtlContinueSendData                 0x0801100b   Thumb Code    30  usbd_ioreq.o(i.USBD_CtlContinueSendData)
    USBD_CtlError                            0x08011029   Thumb Code    30  usbd_req.o(i.USBD_CtlError)
    USBD_CtlReceiveStatus                    0x08011047   Thumb Code    36  usbd_ioreq.o(i.USBD_CtlReceiveStatus)
    USBD_CtlSendData                         0x0801106b   Thumb Code    46  usbd_ioreq.o(i.USBD_CtlSendData)
    USBD_CtlSendStatus                       0x08011099   Thumb Code    36  usbd_ioreq.o(i.USBD_CtlSendStatus)
    USBD_GetString                           0x0801149d   Thumb Code    82  usbd_req.o(i.USBD_GetString)
    USBD_OTG_EP1IN_ISR_Handler               0x08011515   Thumb Code   232  usb_dcd_int.o(i.USBD_OTG_EP1IN_ISR_Handler)
    USBD_OTG_EP1OUT_ISR_Handler              0x08011601   Thumb Code   122  usb_dcd_int.o(i.USBD_OTG_EP1OUT_ISR_Handler)
    USBD_OTG_ISR_Handler                     0x08011681   Thumb Code   256  usb_dcd_int.o(i.USBD_OTG_ISR_Handler)
    USBD_ParseSetupRequest                   0x08011781   Thumb Code    72  usbd_req.o(i.USBD_ParseSetupRequest)
    USBD_SetCfg                              0x080118a3   Thumb Code    30  usbd_core.o(i.USBD_SetCfg)
    USBD_StdDevReq                           0x08011a89   Thumb Code   114  usbd_req.o(i.USBD_StdDevReq)
    USBD_StdEPReq                            0x08011afd   Thumb Code   344  usbd_req.o(i.USBD_StdEPReq)
    USBD_StdItfReq                           0x08011c59   Thumb Code    76  usbd_req.o(i.USBD_StdItfReq)
    USBD_USR_ConfigStrDescriptor             0x08011cc5   Thumb Code    34  usbd_desc.o(i.USBD_USR_ConfigStrDescriptor)
    USBD_USR_DeviceDescriptor                0x08011cf9   Thumb Code    10  usbd_desc.o(i.USBD_USR_DeviceDescriptor)
    USBD_USR_InterfaceStrDescriptor          0x08011d09   Thumb Code    34  usbd_desc.o(i.USBD_USR_InterfaceStrDescriptor)
    USBD_USR_LangIDStrDescriptor             0x08011d41   Thumb Code    10  usbd_desc.o(i.USBD_USR_LangIDStrDescriptor)
    USBD_USR_ManufacturerStrDescriptor       0x08011d51   Thumb Code    20  usbd_desc.o(i.USBD_USR_ManufacturerStrDescriptor)
    USBD_USR_ProductStrDescriptor            0x08011d7d   Thumb Code    34  usbd_desc.o(i.USBD_USR_ProductStrDescriptor)
    USBD_USR_SerialStrDescriptor             0x08011dd5   Thumb Code    34  usbd_desc.o(i.USBD_USR_SerialStrDescriptor)
    USB_OTG_BSP_uDelay                       0x08011e1d   Thumb Code    34  usb_bsp.o(i.USB_OTG_BSP_uDelay)
    USB_OTG_EP0Activate                      0x08011e3f   Thumb Code   106  usb_core.o(i.USB_OTG_EP0Activate)
    USB_OTG_EP0StartXfer                     0x08011ea9   Thumb Code   342  usb_core.o(i.USB_OTG_EP0StartXfer)
    USB_OTG_EP0_OutStart                     0x08011fff   Thumb Code    98  usb_core.o(i.USB_OTG_EP0_OutStart)
    USB_OTG_EPActivate                       0x08012061   Thumb Code   176  usb_core.o(i.USB_OTG_EPActivate)
    USB_OTG_EPClearStall                     0x08012111   Thumb Code    80  usb_core.o(i.USB_OTG_EPClearStall)
    USB_OTG_EPSetStall                       0x08012161   Thumb Code   100  usb_core.o(i.USB_OTG_EPSetStall)
    USB_OTG_EPStartXfer                      0x080121c5   Thumb Code   502  usb_core.o(i.USB_OTG_EPStartXfer)
    USB_OTG_FlushTxFifo                      0x080123bd   Thumb Code    80  usb_core.o(i.USB_OTG_FlushTxFifo)
    USB_OTG_GetDeviceSpeed                   0x08012411   Thumb Code    52  usb_core.o(i.USB_OTG_GetDeviceSpeed)
    USB_OTG_GetMode                          0x08012445   Thumb Code    12  usb_core.o(i.USB_OTG_GetMode)
    USB_OTG_IsDeviceMode                     0x08012451   Thumb Code    22  usb_core.o(i.USB_OTG_IsDeviceMode)
    USB_OTG_ReadCoreItr                      0x08012467   Thumb Code    16  usb_core.o(i.USB_OTG_ReadCoreItr)
    USB_OTG_ReadDevAllInEPItr                0x08012477   Thumb Code    16  usb_core.o(i.USB_OTG_ReadDevAllInEPItr)
    USB_OTG_ReadDevAllOutEp_itr              0x08012487   Thumb Code    16  usb_core.o(i.USB_OTG_ReadDevAllOutEp_itr)
    USB_OTG_ReadDevOutEP_itr                 0x08012497   Thumb Code    20  usb_core.o(i.USB_OTG_ReadDevOutEP_itr)
    USB_OTG_ReadPacket                       0x080124ab   Thumb Code    40  usb_core.o(i.USB_OTG_ReadPacket)
    USB_OTG_WritePacket                      0x080124d3   Thumb Code    64  usb_core.o(i.USB_OTG_WritePacket)
    UsageFault_Handler                       0x08012513   Thumb Code     4  stm32f4xx_it.o(i.UsageFault_Handler)
    Wr_CmDat                                 0x08012517   Thumb Code    20  adc.o(i.Wr_CmDat)
    XYCAL                                    0x0801252d   Thumb Code   574  touchscreen.o(i.XYCAL)
    __0printf                                0x08012791   Thumb Code    22  printfa.o(i.__0printf)
    __1printf                                0x08012791   Thumb Code     0  printfa.o(i.__0printf)
    __2printf                                0x08012791   Thumb Code     0  printfa.o(i.__0printf)
    __c89printf                              0x08012791   Thumb Code     0  printfa.o(i.__0printf)
    printf                                   0x08012791   Thumb Code     0  printfa.o(i.__0printf)
    __0sprintf                               0x080127b1   Thumb Code    34  printfa.o(i.__0sprintf)
    __1sprintf                               0x080127b1   Thumb Code     0  printfa.o(i.__0sprintf)
    __2sprintf                               0x080127b1   Thumb Code     0  printfa.o(i.__0sprintf)
    __c89sprintf                             0x080127b1   Thumb Code     0  printfa.o(i.__0sprintf)
    sprintf                                  0x080127b1   Thumb Code     0  printfa.o(i.__0sprintf)
    __aeabi_errno_addr                       0x080127d9   Thumb Code     4  errno.o(i.__aeabi_errno_addr)
    __rt_errno_addr                          0x080127d9   Thumb Code     0  errno.o(i.__aeabi_errno_addr)
    __hardfp_atof                            0x080127e1   Thumb Code    44  atof.o(i.__hardfp_atof)
    __read_errno                             0x08012819   Thumb Code     6  errno.o(i.__read_errno)
    __scatterload_copy                       0x08012825   Thumb Code    14  handlers.o(i.__scatterload_copy)
    __scatterload_null                       0x08012833   Thumb Code     2  handlers.o(i.__scatterload_null)
    __scatterload_zeroinit                   0x08012835   Thumb Code    14  handlers.o(i.__scatterload_zeroinit)
    __set_errno                              0x08012845   Thumb Code     6  errno.o(i.__set_errno)
    _is_digit                                0x080129d5   Thumb Code    14  scanf_fp.o(i._is_digit)
    brt_set                                  0x0801311d   Thumb Code   218  bsp_key.o(i.brt_set)
    clear_input                              0x0801321d   Thumb Code    50  bsp_key.o(i.clear_input)
    commaxfocus_off                          0x08013261   Thumb Code   494  bsp_key.o(i.commaxfocus_off)
    commaxfocus_on                           0x08013471   Thumb Code   520  bsp_key.o(i.commaxfocus_on)
    comminfocus_off                          0x080136b1   Thumb Code   470  bsp_key.o(i.comminfocus_off)
    comminfocus_on                           0x080138a9   Thumb Code   496  bsp_key.o(i.comminfocus_on)
    consfocus_off                            0x08013ad1   Thumb Code   388  bsp_key.o(i.consfocus_off)
    consfocus_on                             0x08013c61   Thumb Code   414  bsp_key.o(i.consfocus_on)
    del_num                                  0x08013e31   Thumb Code   160  bsp_key.o(i.del_num)
    delay_us                                 0x08013ee9   Thumb Code    20  bsp_systick.o(i.delay_us)
    delaytimefocus_off                       0x08013f01   Thumb Code   172  bsp_key.o(i.delaytimefocus_off)
    delaytimefocus_on                        0x08013fb5   Thumb Code   198  bsp_key.o(i.delaytimefocus_on)
    dim_set                                  0x080140a9   Thumb Code   538  bsp_key.o(i.dim_set)
    focus_off1                               0x080142f5   Thumb Code   104  bsp_key.o(i.focus_off1)
    focus_on1                                0x08014365   Thumb Code   104  bsp_key.o(i.focus_on1)
    fputc                                    0x080143d5   Thumb Code    32  bsp_debug_usart.o(i.fputc)
    input_num                                0x080143f9   Thumb Code   296  bsp_key.o(i.input_num)
    leftfocus_off                            0x08014549   Thumb Code    82  bsp_key.o(i.leftfocus_off)
    leftfocus_on                             0x080145a1   Thumb Code   104  bsp_key.o(i.leftfocus_on)
    main                                     0x08014629   Thumb Code   384  main.o(i.main)
    maxfocus_off                             0x080147f1   Thumb Code   470  bsp_key.o(i.maxfocus_off)
    maxfocus_on                              0x080149d5   Thumb Code   496  bsp_key.o(i.maxfocus_on)
    minfocus_off                             0x08014bed   Thumb Code   454  bsp_key.o(i.minfocus_off)
    minfocus_on                              0x08014dc1   Thumb Code   480  bsp_key.o(i.minfocus_on)
    minus_day                                0x08014fc9   Thumb Code    68  bsp_key.o(i.minus_day)
    minus_hour                               0x08015011   Thumb Code    74  bsp_key.o(i.minus_hour)
    minus_min                                0x08015061   Thumb Code    74  bsp_key.o(i.minus_min)
    minus_mon                                0x080150b1   Thumb Code    68  bsp_key.o(i.minus_mon)
    minus_sec                                0x080150f9   Thumb Code    74  bsp_key.o(i.minus_sec)
    minus_year                               0x08015149   Thumb Code    68  bsp_key.o(i.minus_year)
    nomafocus_off                            0x08015191   Thumb Code   402  bsp_key.o(i.nomafocus_off)
    nomafocus_on                             0x08015331   Thumb Code   428  bsp_key.o(i.nomafocus_on)
    page_measure                             0x0801550d   Thumb Code   480  manu.o(i.page_measure)
    page_set                                 0x080157cd   Thumb Code   996  settings.o(i.page_set)
    page_setdis                              0x08015d11   Thumb Code   594  display.o(i.page_setdis)
    page_sys                                 0x08016075   Thumb Code   288  system.o(i.page_sys)
    page_sysinfo                             0x08016259   Thumb Code   498  sysinfo.o(i.page_sysinfo)
    page_usb                                 0x080165c1   Thumb Code   582  usb.o(i.page_usb)
    plus_day                                 0x080168ad   Thumb Code    68  bsp_key.o(i.plus_day)
    plus_hour                                0x080168f5   Thumb Code    74  bsp_key.o(i.plus_hour)
    plus_min                                 0x08016945   Thumb Code    74  bsp_key.o(i.plus_min)
    plus_mon                                 0x08016995   Thumb Code    68  bsp_key.o(i.plus_mon)
    plus_sec                                 0x080169dd   Thumb Code    74  bsp_key.o(i.plus_sec)
    plus_year                                0x08016a2d   Thumb Code    68  bsp_key.o(i.plus_year)
    power_on                                 0x08016a75   Thumb Code    84  power_on.o(i.power_on)
    rightfocus_off                           0x08016b01   Thumb Code    78  bsp_key.o(i.rightfocus_off)
    rightfocus_on                            0x08016b55   Thumb Code   108  bsp_key.o(i.rightfocus_on)
    stimefocus_off                           0x08016c49   Thumb Code   146  bsp_key.o(i.stimefocus_off)
    stimefocus_on                            0x08016ce5   Thumb Code   172  bsp_key.o(i.stimefocus_on)
    tc_parfocus_off                          0x08016dbd   Thumb Code   340  bsp_key.o(i.tc_parfocus_off)
    tc_parfocus_on                           0x08016f1d   Thumb Code   366  bsp_key.o(i.tc_parfocus_on)
    tc_tepfocus_off                          0x080170b9   Thumb Code   434  bsp_key.o(i.tc_tepfocus_off)
    tc_tepfocus_on                           0x08017279   Thumb Code   460  bsp_key.o(i.tc_tepfocus_on)
    touch_set                                0x08017471   Thumb Code   174  bsp_key.o(i.touch_set)
    xEndCH376Cmd                             0x08017545   Thumb Code     8  ch376.o(i.xEndCH376Cmd)
    xReadCH376Data                           0x08017551   Thumb Code    20  ch376.o(i.xReadCH376Data)
    xWriteCH376Cmd                           0x08017565   Thumb Code    64  ch376.o(i.xWriteCH376Cmd)
    xWriteCH376Data                          0x080175a9   Thumb Code    18  ch376.o(i.xWriteCH376Data)
    send_dot                                 0x080175ba   Data          11  main.o(.constdata)
    Send_uint                                0x080175c5   Data          11  main.o(.constdata)
    Test_Uint                                0x080175d0   Data          16  main.o(.constdata)
    ASCII16x24_Table                         0x080175e0   Data        4560  fonts.o(.constdata)
    ASCII12x12_Table                         0x080187b0   Data        2304  fonts.o(.constdata)
    ASCII8x12_Table                          0x080190b0   Data        2304  fonts.o(.constdata)
    ASCII8x8_Table                           0x080199b0   Data        1536  fonts.o(.constdata)
    Chinese24x24_Table                       0x08019fb0   Data       14504  fonts.o(.constdata)
    Chinese24x27_Table                       0x0801d858   Data        2822  fonts.o(.constdata)
    ASCII64x128                              0x0801e35e   Data       14040  fonts.o(.constdata)
    Chinese16x16_Table                       0x08021a36   Data        2074  fonts.o(.constdata)
    Chinese24x19_Table                       0x08022250   Data        6903  fonts.o(.constdata)
    Chinese16x20_Table                       0x08023d47   Data         168  fonts.o(.constdata)
    ASCII16x31_Table                         0x08023df0   Data       11780  fonts.o(.constdata)
    INS_Table                                0x08026bf4   Data        7220  fonts.o(.constdata)
    Channel_8x20B_Table                      0x08028828   Data        3800  fonts.o(.constdata)
    Channel_8x20_Table                       0x08029700   Data        3800  fonts.o(.constdata)
    Channel_16x32_Table                      0x0802a5d8   Data       12160  fonts.o(.constdata)
    Channel_16x24_Table                      0x0802d558   Data        9120  fonts.o(.constdata)
    Temp_24x34_Table                         0x0802f8f8   Data       19176  fonts.o(.constdata)
    ASCII53x108_Table                        0x080343e0   Data       143640  fonts.o(.constdata)
    Temp_24x40_Table                         0x080574f8   Data       22560  fonts.o(.constdata)
    Temp_16x28_Table                         0x0805cd18   Data       10640  fonts.o(.constdata)
    Temp_16x24_Table                         0x0805f6a8   Data        9120  fonts.o(.constdata)
    SYS_16x16_Table                          0x08061a48   Data        6080  fonts.o(.constdata)
    __ctype_table                            0x08063208   Data         129  ctype_o.o(.constdata)
    Region$$Table$$Base                      0x08063290   Number         0  anon$$obj.o(Region$$Table)
    Region$$Table$$Limit                     0x080632b0   Number         0  anon$$obj.o(Region$$Table)
    SystemCoreClock                          0x20000000   Data           4  system_stm32f4xx.o(.data)
    AHBPrescTable                            0x20000004   Data          16  system_stm32f4xx.o(.data)
    DispBuf                                  0x20000014   Data           8  main.o(.data)
    eqmtstatus                               0x2000001c   Data           1  main.o(.data)
    crcwatch                                 0x2000001e   Data           2  main.o(.data)
    readcrc                                  0x20000020   Data           2  main.o(.data)
    crec                                     0x20000024   Data           4  main.o(.data)
    csend                                    0x20000028   Data           4  main.o(.data)
    datasize                                 0x2000002c   Data           2  main.o(.data)
    usbstatus                                0x2000002e   Data           1  main.o(.data)
    watch                                    0x20000030   Data           2  main.o(.data)
    ureadcrc                                 0x20000032   Data           2  main.o(.data)
    ucrc                                     0x20000034   Data           4  main.o(.data)
    Range_value                              0x20000038   Data           2  main.o(.data)
    FLAG1                                    0x2000003a   Data           1  main.o(.data)
    FLAG2                                    0x2000003b   Data           1  main.o(.data)
    FLAG3                                    0x2000003c   Data           1  main.o(.data)
    FLAG4                                    0x2000003d   Data           1  main.o(.data)
    FLAG5                                    0x2000003e   Data           1  main.o(.data)
    FLAG6                                    0x2000003f   Data           1  main.o(.data)
    FLAG7                                    0x20000040   Data           1  main.o(.data)
    FLAG8                                    0x20000041   Data           1  main.o(.data)
    DeviceID                                 0x20000044   Data           4  main.o(.data)
    FlashID                                  0x20000048   Data           4  main.o(.data)
    i                                        0x2000004c   Data           4  main.o(.data)
    count                                    0x20000050   Data           2  main.o(.data)
    remote_wakeup                            0x2000006c   Data           4  stm32f4xx_it.o(.data)
    charge                                   0x20000070   Data           1  stm32f4xx_it.o(.data)
    battery                                  0x20000071   Data           1  stm32f4xx_it.o(.data)
    reflag                                   0x20000072   Data           1  stm32f4xx_it.o(.data)
    ReCount                                  0x20000073   Data           1  stm32f4xx_it.o(.data)
    g_mods_timeout                           0x20000074   Data           1  stm32f4xx_it.o(.data)
    uartflag                                 0x20000075   Data           1  stm32f4xx_it.o(.data)
    Font53x108                               0x20000098   Data           8  fonts.o(.data)
    Font16x24                                0x200000a0   Data           8  fonts.o(.data)
    Font16x31                                0x200000a8   Data           8  fonts.o(.data)
    FontC_8x20                               0x200000b0   Data           8  fonts.o(.data)
    FontC_8x20B                              0x200000b8   Data           8  fonts.o(.data)
    FontC_16x24                              0x200000c0   Data           8  fonts.o(.data)
    FontC_16x32                              0x200000c8   Data           8  fonts.o(.data)
    FontT_24x40                              0x200000d0   Data           8  fonts.o(.data)
    FontT_24x34                              0x200000d8   Data           8  fonts.o(.data)
    FontT_16x28                              0x200000e0   Data           8  fonts.o(.data)
    FontT_INS                                0x200000e8   Data           8  fonts.o(.data)
    FontT_SYS                                0x200000f0   Data           8  fonts.o(.data)
    FontT_16x24                              0x200000f8   Data           8  fonts.o(.data)
    Font12x12                                0x20000100   Data           8  fonts.o(.data)
    Font8x12                                 0x20000108   Data           8  fonts.o(.data)
    Font8x8                                  0x20000110   Data           8  fonts.o(.data)
    Font24x24                                0x20000118   Data           8  fonts.o(.data)
    C_Font24x27                              0x20000120   Data           8  fonts.o(.data)
    C_Font24x19                              0x20000128   Data           8  fonts.o(.data)
    C_Font16x16                              0x20000130   Data           8  fonts.o(.data)
    C_Font16x20                              0x20000138   Data           8  fonts.o(.data)
    key_value                                0x20000148   Data           1  bsp_key.o(.data)
    count_flag                               0x20000149   Data           1  bsp_key.o(.data)
    page_flag                                0x2000014a   Data           1  bsp_key.o(.data)
    op_flag                                  0x2000014b   Data           1  bsp_key.o(.data)
    ch_page                                  0x2000014c   Data           1  bsp_key.o(.data)
    tc_type                                  0x2000014d   Data           1  bsp_key.o(.data)
    op_sw                                    0x2000014e   Data           1  bsp_key.o(.data)
    spt_page                                 0x2000014f   Data           1  bsp_key.o(.data)
    cor_page                                 0x20000150   Data           1  bsp_key.o(.data)
    date_page                                0x20000151   Data           1  bsp_key.o(.data)
    time_page                                0x20000152   Data           1  bsp_key.o(.data)
    bit_flag                                 0x20000153   Data           1  bsp_key.o(.data)
    dot_flag                                 0x20000154   Data           1  bsp_key.o(.data)
    neg_flag                                 0x20000155   Data           1  bsp_key.o(.data)
    input_flag                               0x20000156   Data           1  bsp_key.o(.data)
    hpage                                    0x20000158   Data           2  bsp_key.o(.data)
    keystat                                  0x2000015a   Data           1  bsp_key.o(.data)
    date_time                                0x2000015b   Data           6  bsp_key.o(.data)
    fileflag                                 0x20000161   Data           1  bsp_key.o(.data)
    tempreq                                  0x20000170   Data           8  bsp_basic_tim.o(.data)
    reqcode                                  0x20000178   Data           1  bsp_basic_tim.o(.data)
    brightness                               0x20000179   Data           1  bsp_basic_tim.o(.data)
    Tick_10ms                                0x2000017c   Data           4  bsp_basic_tim.o(.data)
    OldTick                                  0x20000180   Data           4  bsp_basic_tim.o(.data)
    udflag                                   0x20000184   Data           1  bsp_basic_tim.o(.data)
    rec_num                                  0x20000198   Data           4  bsp_rtc.o(.data)
    usbreadtime                              0x2000019c   Data           7  bsp_rtc.o(.data)
    ADC_ConvertedValue                       0x200001a4   Data           4  touchscreen.o(.data)
    Xconvert                                 0x200001a8   Data           2  touchscreen.o(.data)
    Yconvert                                 0x200001aa   Data           2  touchscreen.o(.data)
    XCOOR                                    0x200001ac   Data           2  touchscreen.o(.data)
    YCOOR                                    0x200001ae   Data           2  touchscreen.o(.data)
    touchflag                                0x200001b0   Data           1  touchscreen.o(.data)
    press                                    0x200001b1   Data           1  touchscreen.o(.data)
    buff_4094                                0x200001d0   Data           1  adc.o(.data)
    U15_4094                                 0x200001d1   Data           1  adc.o(.data)
    U16_4094                                 0x200001d2   Data           1  adc.o(.data)
    va_4094                                  0x200001d3   Data           8  adc.o(.data)
    ctr_4052                                 0x200001db   Data           8  adc.o(.data)
    pga_1216                                 0x200001e3   Data           8  adc.o(.data)
    Test_Value                               0x200001ec   Data           6  adc.o(.data)
    Ad_over                                  0x200001f2   Data           1  adc.o(.data)
    Ad_value                                 0x200001f4   Data           4  adc.o(.data)
    Range                                    0x200001f8   Data           1  adc.o(.data)
    rangename                                0x200001fa   Data         100  manu.o(.data)
    rangenum                                 0x2000025e   Data          32  manu.o(.data)
    filecur                                  0x2000027e   Data           1  usb.o(.data)
    SET_TEST_MODE                            0x20000280   Data           4  usbd_core.o(.data)
    USBD_DCD_INT_cb                          0x20000284   Data          44  usbd_core.o(.data)
    USBD_DCD_INT_fops                        0x200002b0   Data           4  usbd_core.o(.data)
    USBD_ep_status                           0x200002b4   Data           4  usbd_req.o(.data)
    USBD_default_cfg                         0x200002b8   Data           4  usbd_req.o(.data)
    USBD_cfg_status                          0x200002bc   Data           4  usbd_req.o(.data)
    USR_desc                                 0x200002c4   Data          28  usbd_desc.o(.data)
    USBD_DeviceDesc                          0x200002e0   Data          18  usbd_desc.o(.data)
    USBD_DeviceQualifierDesc                 0x200002f2   Data          10  usbd_desc.o(.data)
    USBD_LangIDDesc                          0x200002fc   Data           4  usbd_desc.o(.data)
    __stdout                                 0x20000300   Data           4  stdout.o(.data)
    usbbuf                                   0x20000308   Data          64  main.o(.bss)
    usbsendbuf                               0x20000348   Data          64  main.o(.bss)
    savedata                                 0x20000388   Data          80  main.o(.bss)
    uinfo                                    0x200003d8   Data          64  main.o(.bss)
    USB_OTG_dev                              0x20000418   Data        1524  main.o(.bss)
    ch_temp                                  0x20000a0c   Data         160  main.o(.bss)
    RecBuff                                  0x20000acc   Data          39  stm32f4xx_it.o(.bss)
    zoomBuff                                 0x20000af3   Data       16384  bsp_lcd.o(.bss)
    data                                     0x2000687c   Data          17  bsp_key.o(.bss)
    offset                                   0x20006890   Data         160  bsp_key.o(.bss)
    time_buf                                 0x200069b0   Data          70  bsp_rtc.o(.bss)
    corpara                                  0x200069f8   Data          80  touchscreen.o(.bss)
    Savedata                                 0x20006a48   Data         120  adc.o(.bss)
    Res_count                                0x20006ac0   Data          16  adc.o(.bss)
    TempHLimits                              0x20006ad0   Data         160  separation.o(.bss)
    TempLLimits                              0x20006b70   Data         160  separation.o(.bss)
    Correction                               0x20006c10   Data         240  calibarate.o(.bss)
    filename                                 0x20006d00   Data         160  usb.o(.bss)
    newname                                  0x20006da0   Data          10  usb.o(.bss)
    USBD_StrDesc                             0x20006daa   Data         255  usbd_req.o(.bss)
    __initial_sp                             0x200072b0   Data           0  startup_stm32f429_439xx.o(STACK)



==============================================================================

Memory Map of the image

  Image Entry point : 0x080001ad

  Load Region LR_IROM1 (Base: 0x08000000, Size: 0x000635b8, Max: 0x00100000, ABSOLUTE, COMPRESSED[0x00063428])

    Execution Region ER_IROM1 (Exec base: 0x08000000, Load base: 0x08000000, Size: 0x000632b0, Max: 0x00100000, ABSOLUTE)

    Exec Addr    Load Addr    Size         Type   Attr      Idx    E Section Name        Object

    0x08000000   0x08000000   0x000001ac   Data   RO            3    RESET               startup_stm32f429_439xx.o
    0x080001ac   0x080001ac   0x00000000   Code   RO         8992  * .ARM.Collect$$$$00000000  mc_w.l(entry.o)
    0x080001ac   0x080001ac   0x00000004   Code   RO         9308    .ARM.Collect$$$$00000001  mc_w.l(entry2.o)
    0x080001b0   0x080001b0   0x00000004   Code   RO         9311    .ARM.Collect$$$$00000004  mc_w.l(entry5.o)
    0x080001b4   0x080001b4   0x00000000   Code   RO         9313    .ARM.Collect$$$$00000008  mc_w.l(entry7b.o)
    0x080001b4   0x080001b4   0x00000000   Code   RO         9315    .ARM.Collect$$$$0000000A  mc_w.l(entry8b.o)
    0x080001b4   0x080001b4   0x00000008   Code   RO         9316    .ARM.Collect$$$$0000000B  mc_w.l(entry9a.o)
    0x080001bc   0x080001bc   0x00000000   Code   RO         9318    .ARM.Collect$$$$0000000D  mc_w.l(entry10a.o)
    0x080001bc   0x080001bc   0x00000000   Code   RO         9320    .ARM.Collect$$$$0000000F  mc_w.l(entry11a.o)
    0x080001bc   0x080001bc   0x00000004   Code   RO         9309    .ARM.Collect$$$$00002712  mc_w.l(entry2.o)
    0x080001c0   0x080001c0   0x00000024   Code   RO            4    .text               startup_stm32f429_439xx.o
    0x080001e4   0x080001e4   0x00000024   Code   RO         8995    .text               mc_w.l(memseta.o)
    0x08000208   0x08000208   0x00000018   Code   RO         8997    .text               mc_w.l(strcat.o)
    0x08000220   0x08000220   0x00000018   Code   RO         8999    .text               mc_w.l(strncpy.o)
    0x08000238   0x08000238   0x0000001c   Code   RO         9003    .text               mc_w.l(strcmp.o)
    0x08000254   0x08000254   0x00000012   Code   RO         9005    .text               mc_w.l(strcpy.o)
    0x08000266   0x08000266   0x0000001a   Code   RO         9296    .text               mc_w.l(atoi.o)
    0x08000280   0x08000280   0x0000014e   Code   RO         9298    .text               mf_w.l(dadd.o)
    0x080003ce   0x080003ce   0x000000e4   Code   RO         9300    .text               mf_w.l(dmul.o)
    0x080004b2   0x080004b2   0x0000003e   Code   RO         9302    .text               mf_w.l(dfixi.o)
    0x080004f0   0x080004f0   0x00000026   Code   RO         9304    .text               mf_w.l(f2d.o)
    0x08000516   0x08000516   0x00000038   Code   RO         9306    .text               mf_w.l(d2f.o)
    0x0800054e   0x0800054e   0x0000002c   Code   RO         9323    .text               mc_w.l(uidiv.o)
    0x0800057a   0x0800057a   0x00000062   Code   RO         9325    .text               mc_w.l(uldiv.o)
    0x080005dc   0x080005dc   0x0000001e   Code   RO         9327    .text               mc_w.l(llshl.o)
    0x080005fa   0x080005fa   0x00000020   Code   RO         9329    .text               mc_w.l(llushr.o)
    0x0800061a   0x0800061a   0x00000024   Code   RO         9331    .text               mc_w.l(llsshr.o)
    0x0800063e   0x0800063e   0x00000002   PAD
    0x08000640   0x08000640   0x0000009c   Code   RO         9346    .text               mc_w.l(strtod.o)
    0x080006dc   0x080006dc   0x00000070   Code   RO         9348    .text               mc_w.l(strtol.o)
    0x0800074c   0x0800074c   0x00000000   Code   RO         9350    .text               mc_w.l(iusefp.o)
    0x0800074c   0x0800074c   0x0000006e   Code   RO         9351    .text               mf_w.l(fepilogue.o)
    0x080007ba   0x080007ba   0x000000ba   Code   RO         9353    .text               mf_w.l(depilogue.o)
    0x08000874   0x08000874   0x000000de   Code   RO         9355    .text               mf_w.l(ddiv.o)
    0x08000952   0x08000952   0x00000030   Code   RO         9357    .text               mf_w.l(dfixul.o)
    0x08000982   0x08000982   0x00000002   PAD
    0x08000984   0x08000984   0x00000030   Code   RO         9359    .text               mf_w.l(cdrcmple.o)
    0x080009b4   0x080009b4   0x00000024   Code   RO         9361    .text               mc_w.l(init.o)
    0x080009d8   0x080009d8   0x00000008   Code   RO         9365    .text               mc_w.l(ctype_o.o)
    0x080009e0   0x080009e0   0x00000012   Code   RO         9387    .text               mc_w.l(isspace_o.o)
    0x080009f2   0x080009f2   0x00000002   PAD
    0x080009f4   0x080009f4   0x00000360   Code   RO         9393    .text               mc_w.l(scanf_fp.o)
    0x08000d54   0x08000d54   0x00000040   Code   RO         9397    .text               mc_w.l(_sgetc.o)
    0x08000d94   0x08000d94   0x0000009e   Code   RO         9399    .text               mc_w.l(_strtoul.o)
    0x08000e32   0x08000e32   0x0000001c   Code   RO         9404    .text               mc_w.l(_chval.o)
    0x08000e4e   0x08000e4e   0x00000018   Code   RO         9406    .text               mf_w.l(dfltul.o)
    0x08000e66   0x08000e66   0x00000056   Code   RO         9416    .text               mc_w.l(__dczerorl2.o)
    0x08000ebc   0x08000ebc   0x00000068   Code   RO         6388    i.ACC_HANDLE        bsp_key.o
    0x08000f24   0x08000f24   0x00000016   Code   RO          222    i.ADC_Cmd           stm32f4xx_adc.o
    0x08000f3a   0x08000f3a   0x00000002   PAD
    0x08000f3c   0x08000f3c   0x00000030   Code   RO          223    i.ADC_CommonInit    stm32f4xx_adc.o
    0x08000f6c   0x08000f6c   0x00000016   Code   RO          226    i.ADC_DMACmd        stm32f4xx_adc.o
    0x08000f82   0x08000f82   0x00000016   Code   RO          227    i.ADC_DMARequestAfterLastTransferCmd  stm32f4xx_adc.o
    0x08000f98   0x08000f98   0x00000078   Code   RO         7642    i.ADC_GPIO_CONFIG   adc.o
    0x08001010   0x08001010   0x00000054   Code   RO          242    i.ADC_Init          stm32f4xx_adc.o
    0x08001064   0x08001064   0x000000b8   Code   RO          247    i.ADC_RegularChannelConfig  stm32f4xx_adc.o
    0x0800111c   0x0800111c   0x0000000a   Code   RO          249    i.ADC_SoftwareStartConv  stm32f4xx_adc.o
    0x08001126   0x08001126   0x00000002   PAD
    0x08001128   0x08001128   0x000000a0   Code   RO         7643    i.AD_Convert_read   adc.o
    0x080011c8   0x080011c8   0x00000028   Code   RO         7200    i.AD_GPIO_Config    touchscreen.o
    0x080011f0   0x080011f0   0x000000a0   Code   RO         6389    i.BACK_HANDLE       bsp_key.o
    0x08001290   0x08001290   0x0000003c   Code   RO         7001    i.Beep_GPIO_Config  bsp_beep.o
    0x080012cc   0x080012cc   0x00000004   Code   RO         5392    i.BusFault_Handler  stm32f4xx_it.o
    0x080012d0   0x080012d0   0x00000020   Code   RO         6390    i.ButtonSound       bsp_key.o
    0x080012f0   0x080012f0   0x000000f4   Code   RO         7311    i.CH376_GPIO_Init   ch376.o
    0x080013e4   0x080013e4   0x000001a0   Code   RO         6391    i.Cfocus_off        bsp_key.o
    0x08001584   0x08001584   0x00000048   Code   RO         8252    i.DCD_EP_ClrStall   usb_dcd.o
    0x080015cc   0x080015cc   0x00000068   Code   RO         8254    i.DCD_EP_Open       usb_dcd.o
    0x08001634   0x08001634   0x00000052   Code   RO         8255    i.DCD_EP_PrepareRx  usb_dcd.o
    0x08001686   0x08001686   0x0000001c   Code   RO         8256    i.DCD_EP_SetAddress  usb_dcd.o
    0x080016a2   0x080016a2   0x00000048   Code   RO         8257    i.DCD_EP_Stall      usb_dcd.o
    0x080016ea   0x080016ea   0x0000004e   Code   RO         8258    i.DCD_EP_Tx         usb_dcd.o
    0x08001738   0x08001738   0x00000066   Code   RO         8345    i.DCD_HandleEnumDone_ISR  usb_dcd_int.o
    0x0800179e   0x0800179e   0x00000002   PAD
    0x080017a0   0x080017a0   0x00000144   Code   RO         8346    i.DCD_HandleInEP_ISR  usb_dcd_int.o
    0x080018e4   0x080018e4   0x00000100   Code   RO         8347    i.DCD_HandleOutEP_ISR  usb_dcd_int.o
    0x080019e4   0x080019e4   0x00000068   Code   RO         8348    i.DCD_HandleResume_ISR  usb_dcd_int.o
    0x08001a4c   0x08001a4c   0x000000b0   Code   RO         8349    i.DCD_HandleRxStatusQueueLevel_ISR  usb_dcd_int.o
    0x08001afc   0x08001afc   0x0000002c   Code   RO         8350    i.DCD_HandleSof_ISR  usb_dcd_int.o
    0x08001b28   0x08001b28   0x000000a8   Code   RO         8351    i.DCD_HandleUSBSuspend_ISR  usb_dcd_int.o
    0x08001bd0   0x08001bd0   0x00000110   Code   RO         8352    i.DCD_HandleUsbReset_ISR  usb_dcd_int.o
    0x08001ce0   0x08001ce0   0x0000002c   Code   RO         8353    i.DCD_IsoINIncomplete_ISR  usb_dcd_int.o
    0x08001d0c   0x08001d0c   0x0000002c   Code   RO         8354    i.DCD_IsoOUTIncomplete_ISR  usb_dcd_int.o
    0x08001d38   0x08001d38   0x0000002c   Code   RO         8355    i.DCD_OTG_ISR       usb_dcd_int.o
    0x08001d64   0x08001d64   0x00000028   Code   RO         8356    i.DCD_ReadDevInEP   usb_dcd_int.o
    0x08001d8c   0x08001d8c   0x0000002c   Code   RO         8357    i.DCD_SessionRequest_ISR  usb_dcd_int.o
    0x08001db8   0x08001db8   0x000000ae   Code   RO         8358    i.DCD_WriteEmptyTxFifo  usb_dcd_int.o
    0x08001e66   0x08001e66   0x00000002   PAD
    0x08001e68   0x08001e68   0x0000008c   Code   RO         5570    i.DISP_CNL_S        bsp_lcd.o
    0x08001ef4   0x08001ef4   0x0000006c   Code   RO         5571    i.DISP_INPUT        bsp_lcd.o
    0x08001f60   0x08001f60   0x0000008c   Code   RO         5572    i.DISP_INS          bsp_lcd.o
    0x08001fec   0x08001fec   0x00000064   Code   RO         5573    i.DISP_SINS         bsp_lcd.o
    0x08002050   0x08002050   0x0000008c   Code   RO         5574    i.DISP_SYS          bsp_lcd.o
    0x080020dc   0x080020dc   0x00000016   Code   RO         1358    i.DMA2D_DeInit      stm32f4xx_dma2d.o
    0x080020f2   0x080020f2   0x00000002   PAD
    0x080020f4   0x080020f4   0x00000018   Code   RO         1363    i.DMA2D_GetFlagStatus  stm32f4xx_dma2d.o
    0x0800210c   0x0800210c   0x000000e4   Code   RO         1366    i.DMA2D_Init        stm32f4xx_dma2d.o
    0x080021f0   0x080021f0   0x00000014   Code   RO         1368    i.DMA2D_StartTransfer  stm32f4xx_dma2d.o
    0x08002204   0x08002204   0x00000016   Code   RO         1222    i.DMA_Cmd           stm32f4xx_dma.o
    0x0800221a   0x0800221a   0x00000002   PAD
    0x0800221c   0x0800221c   0x00000058   Code   RO         1234    i.DMA_Init          stm32f4xx_dma.o
    0x08002274   0x08002274   0x00000090   Code   RO         6393    i.DOT_HANDLE        bsp_key.o
    0x08002304   0x08002304   0x00000a58   Code   RO         6394    i.DOWN_HANDLE       bsp_key.o
    0x08002d5c   0x08002d5c   0x00000034   Code   RO         5162    i.Datacov           main.o
    0x08002d90   0x08002d90   0x00000002   Code   RO         5393    i.DebugMon_Handler  stm32f4xx_it.o
    0x08002d92   0x08002d92   0x00000012   Code   RO         5163    i.Delay             main.o
    0x08002da4   0x08002da4   0x000002f0   Code   RO         7937    i.Disp_main         manu.o
    0x08003094   0x08003094   0x00000318   Code   RO         7938    i.Disp_main_button  manu.o
    0x080033ac   0x080033ac   0x00000500   Code   RO         7731    i.Disp_sys          system.o
    0x080038ac   0x080038ac   0x00000154   Code   RO         7732    i.Disp_sysset_button  system.o
    0x08003a00   0x08003a00   0x00000154   Code   RO         5578    i.DrawBattery       bsp_lcd.o
    0x08003b54   0x08003b54   0x0000006c   Code   RO         5579    i.DrawBrt           bsp_lcd.o
    0x08003bc0   0x08003bc0   0x00000080   Code   RO         5581    i.DrawCharge        bsp_lcd.o
    0x08003c40   0x08003c40   0x000000d8   Code   RO         5582    i.DrawDim           bsp_lcd.o
    0x08003d18   0x08003d18   0x00000038   Code   RO         5584    i.DrawInstruction   bsp_lcd.o
    0x08003d50   0x08003d50   0x0000033c   Code   RO         5585    i.DrawLetmenu       bsp_lcd.o
    0x0800408c   0x0800408c   0x00002a92   Code   RO         7882    i.DrawLogo          power_on.o
    0x08006b1e   0x08006b1e   0x00000002   PAD
    0x08006b20   0x08006b20   0x00000088   Code   RO         5586    i.DrawMenu          bsp_lcd.o
    0x08006ba8   0x08006ba8   0x00000080   Code   RO         5590    i.DrawTouch         bsp_lcd.o
    0x08006c28   0x08006c28   0x000000be   Code   RO         5591    i.DrawUdisk1        bsp_lcd.o
    0x08006ce6   0x08006ce6   0x000000be   Code   RO         5592    i.DrawUdisk2        bsp_lcd.o
    0x08006da4   0x08006da4   0x00000080   Code   RO         5593    i.DrawUnit          bsp_lcd.o
    0x08006e24   0x08006e24   0x000000e8   Code   RO         5595    i.Drawdate          bsp_lcd.o
    0x08006f0c   0x08006f0c   0x00000098   Code   RO         5596    i.Drawdate2         bsp_lcd.o
    0x08006fa4   0x08006fa4   0x000000f8   Code   RO         5597    i.Drawfileusbmenu   bsp_lcd.o
    0x0800709c   0x0800709c   0x00000134   Code   RO         5601    i.Drawhomemenu      bsp_lcd.o
    0x080071d0   0x080071d0   0x00000034   Code   RO         5602    i.Drawlang          bsp_lcd.o
    0x08007204   0x08007204   0x000000fc   Code   RO         5603    i.Drawset_dismenu   bsp_lcd.o
    0x08007300   0x08007300   0x00000100   Code   RO         5604    i.Drawsetmenu       bsp_lcd.o
    0x08007400   0x08007400   0x000000fc   Code   RO         5606    i.Drawsysinfomenu   bsp_lcd.o
    0x080074fc   0x080074fc   0x00000100   Code   RO         5607    i.Drawsysmenu       bsp_lcd.o
    0x080075fc   0x080075fc   0x000000e8   Code   RO         5608    i.Drawtime          bsp_lcd.o
    0x080076e4   0x080076e4   0x00000098   Code   RO         5609    i.Drawtime2         bsp_lcd.o
    0x0800777c   0x0800777c   0x00000824   Code   RO         6395    i.ENTER_HANDLE      bsp_key.o
    0x08007fa0   0x08007fa0   0x000000cc   Code   RO         6396    i.ESC_HANDLE        bsp_key.o
    0x0800806c   0x0800806c   0x00000038   Code   RO         5164    i.Erase_all         main.o
    0x080080a4   0x080080a4   0x00000030   Code   RO         6397    i.Esc_menu          bsp_key.o
    0x080080d4   0x080080d4   0x00000048   Code   RO         1844    i.FMC_GetFlagStatus  stm32f4xx_fmc.o
    0x0800811c   0x0800811c   0x00000020   Code   RO         1861    i.FMC_SDRAMCmdConfig  stm32f4xx_fmc.o
    0x0800813c   0x0800813c   0x00000144   Code   RO         1863    i.FMC_SDRAMInit     stm32f4xx_fmc.o
    0x08008280   0x08008280   0x00000018   Code   RO         1867    i.FMC_SetRefreshCount  stm32f4xx_fmc.o
    0x08008298   0x08008298   0x00000760   Code   RO         6398    i.FUNC1_HANDLE      bsp_key.o
    0x080089f8   0x080089f8   0x00000678   Code   RO         6399    i.FUNC2_HANDLE      bsp_key.o
    0x08009070   0x08009070   0x00000440   Code   RO         6400    i.FUNC3_HANDLE      bsp_key.o
    0x080094b0   0x080094b0   0x00000318   Code   RO         6401    i.FUNC4_HANDLE      bsp_key.o
    0x080097c8   0x080097c8   0x000001b8   Code   RO         6402    i.FUNC5_HANDLE      bsp_key.o
    0x08009980   0x08009980   0x00000090   Code   RO         2046    i.GPIO_Init         stm32f4xx_gpio.o
    0x08009a10   0x08009a10   0x00000046   Code   RO         2047    i.GPIO_PinAFConfig  stm32f4xx_gpio.o
    0x08009a56   0x08009a56   0x00000012   Code   RO         2050    i.GPIO_ReadInputDataBit  stm32f4xx_gpio.o
    0x08009a68   0x08009a68   0x00000004   Code   RO         2053    i.GPIO_ResetBits    stm32f4xx_gpio.o
    0x08009a6c   0x08009a6c   0x00000004   Code   RO         2054    i.GPIO_SetBits      stm32f4xx_gpio.o
    0x08009a70   0x08009a70   0x00000024   Code   RO         6170    i.GetGBKCode_from_EXFlash  fonts.o
    0x08009a94   0x08009a94   0x0000001c   Code   RO         5394    i.HardFault_Handler  stm32f4xx_it.o
    0x08009ab0   0x08009ab0   0x000000c8   Code   RO         5165    i.Hex_Format        main.o
    0x08009b78   0x08009b78   0x000000ac   Code   RO         7644    i.INIT_ADS1216      adc.o
    0x08009c24   0x08009c24   0x00000074   Code   RO         7312    i.Init_CH376        ch376.o
    0x08009c98   0x08009c98   0x000000c0   Code   RO         6403    i.KEY0_HANDLE       bsp_key.o
    0x08009d58   0x08009d58   0x000000d4   Code   RO         6404    i.KEY1_HANDLE       bsp_key.o
    0x08009e2c   0x08009e2c   0x000000cc   Code   RO         6405    i.KEY2_HANDLE       bsp_key.o
    0x08009ef8   0x08009ef8   0x000000cc   Code   RO         6406    i.KEY3_HANDLE       bsp_key.o
    0x08009fc4   0x08009fc4   0x000000c8   Code   RO         6407    i.KEY4_HANDLE       bsp_key.o
    0x0800a08c   0x0800a08c   0x000000c8   Code   RO         6408    i.KEY5_HANDLE       bsp_key.o
    0x0800a154   0x0800a154   0x000000c8   Code   RO         6409    i.KEY6_HANDLE       bsp_key.o
    0x0800a21c   0x0800a21c   0x000000c8   Code   RO         6410    i.KEY7_HANDLE       bsp_key.o
    0x0800a2e4   0x0800a2e4   0x000000c8   Code   RO         6411    i.KEY8_HANDLE       bsp_key.o
    0x0800a3ac   0x0800a3ac   0x000000c0   Code   RO         6412    i.KEY9_HANDLE       bsp_key.o
    0x0800a46c   0x0800a46c   0x00000012   Code   RO         6413    i.Key_Delay         bsp_key.o
    0x0800a47e   0x0800a47e   0x00000002   PAD
    0x0800a480   0x0800a480   0x00000144   Code   RO         6414    i.Key_Function      bsp_key.o
    0x0800a5c4   0x0800a5c4   0x0000008c   Code   RO         6415    i.Key_GPIO_Config   bsp_key.o
    0x0800a650   0x0800a650   0x00000610   Code   RO         6416    i.Key_Scan          bsp_key.o
    0x0800ac60   0x0800ac60   0x00000068   Code   RO         5611    i.LCD_Clear         bsp_lcd.o
    0x0800acc8   0x0800acc8   0x000000d4   Code   RO         5616    i.LCD_DispChar_CH   bsp_lcd.o
    0x0800ad9c   0x0800ad9c   0x000000a0   Code   RO         5617    i.LCD_DispString_EN_CH  bsp_lcd.o
    0x0800ae3c   0x0800ae3c   0x00000030   Code   RO         5618    i.LCD_DisplayChar   bsp_lcd.o
    0x0800ae6c   0x0800ae6c   0x00000040   Code   RO         5619    i.LCD_DisplayChar_48  bsp_lcd.o
    0x0800aeac   0x0800aeac   0x0000006c   Code   RO         5620    i.LCD_DisplayChinese  bsp_lcd.o
    0x0800af18   0x0800af18   0x0000008c   Code   RO         5621    i.LCD_DisplayStringLine  bsp_lcd.o
    0x0800afa4   0x0800afa4   0x0000008c   Code   RO         5626    i.LCD_DisplayStringLine_L  bsp_lcd.o
    0x0800b030   0x0800b030   0x0000011c   Code   RO         5627    i.LCD_DrawChar      bsp_lcd.o
    0x0800b14c   0x0800b14c   0x000000dc   Code   RO         5628    i.LCD_DrawChar_Ex   bsp_lcd.o
    0x0800b228   0x0800b228   0x0000011c   Code   RO         5629    i.LCD_DrawChinese   bsp_lcd.o
    0x0800b344   0x0800b344   0x000000a0   Code   RO         5634    i.LCD_DrawFullRect  bsp_lcd.o
    0x0800b3e4   0x0800b3e4   0x000000a8   Code   RO         5635    i.LCD_DrawLine      bsp_lcd.o
    0x0800b48c   0x0800b48c   0x00000044   Code   RO         5637    i.LCD_DrawRect      bsp_lcd.o
    0x0800b4d0   0x0800b4d0   0x0000011e   Code   RO         5638    i.LCD_DrawUniLine   bsp_lcd.o
    0x0800b5ee   0x0800b5ee   0x00000002   PAD
    0x0800b5f0   0x0800b5f0   0x000002c8   Code   RO         5641    i.LCD_GPIO_Config   bsp_lcd.o
    0x0800b8b8   0x0800b8b8   0x0000008a   Code   RO         5644    i.LCD_Init          bsp_lcd.o
    0x0800b942   0x0800b942   0x00000002   PAD
    0x0800b944   0x0800b944   0x00000094   Code   RO         5645    i.LCD_LayerInit     bsp_lcd.o
    0x0800b9d8   0x0800b9d8   0x000000b4   Code   RO         5646    i.LCD_Lstring_Ex    bsp_lcd.o
    0x0800ba8c   0x0800ba8c   0x0000000c   Code   RO         5651    i.LCD_SetBackColor  bsp_lcd.o
    0x0800ba98   0x0800ba98   0x00000014   Code   RO         5653    i.LCD_SetColors     bsp_lcd.o
    0x0800baac   0x0800baac   0x0000000c   Code   RO         5656    i.LCD_SetFont       bsp_lcd.o
    0x0800bab8   0x0800bab8   0x0000002c   Code   RO         5657    i.LCD_SetLayer      bsp_lcd.o
    0x0800bae4   0x0800bae4   0x0000000c   Code   RO         5658    i.LCD_SetTextColor  bsp_lcd.o
    0x0800baf0   0x0800baf0   0x00000030   Code   RO         5659    i.LCD_SetTransparency  bsp_lcd.o
    0x0800bb20   0x0800bb20   0x00000b88   Code   RO         6417    i.LEFT_HANDLE       bsp_key.o
    0x0800c6a8   0x0800c6a8   0x00000024   Code   RO         2620    i.LTDC_Cmd          stm32f4xx_ltdc.o
    0x0800c6cc   0x0800c6cc   0x00000188   Code   RO         2631    i.LTDC_Init         stm32f4xx_ltdc.o
    0x0800c854   0x0800c854   0x00000004   Code   RO         2634    i.LTDC_LayerAlpha   stm32f4xx_ltdc.o
    0x0800c858   0x0800c858   0x00000016   Code   RO         2635    i.LTDC_LayerCmd     stm32f4xx_ltdc.o
    0x0800c86e   0x0800c86e   0x00000114   Code   RO         2636    i.LTDC_LayerInit    stm32f4xx_ltdc.o
    0x0800c982   0x0800c982   0x00000002   PAD
    0x0800c984   0x0800c984   0x0000000c   Code   RO         2643    i.LTDC_ReloadConfig  stm32f4xx_ltdc.o
    0x0800c990   0x0800c990   0x00000004   Code   RO         5395    i.MemManage_Handler  stm32f4xx_it.o
    0x0800c994   0x0800c994   0x00000002   Code   RO         5396    i.NMI_Handler       stm32f4xx_it.o
    0x0800c996   0x0800c996   0x00000002   PAD
    0x0800c998   0x0800c998   0x00000078   Code   RO          164    i.NVIC_Init         misc.o
    0x0800ca10   0x0800ca10   0x00000014   Code   RO          165    i.NVIC_PriorityGroupConfig  misc.o
    0x0800ca24   0x0800ca24   0x00000044   Code   RO         6418    i.Newfocus_off      bsp_key.o
    0x0800ca68   0x0800ca68   0x00000118   Code   RO         6419    i.Newfocus_on       bsp_key.o
    0x0800cb80   0x0800cb80   0x00000010   Code   RO         5397    i.OTG_FS_IRQHandler  stm32f4xx_it.o
    0x0800cb90   0x0800cb90   0x00000010   Code   RO         8928    i.OTG_HS_EP1_IN_IRQHandler  usb_bsp.o
    0x0800cba0   0x0800cba0   0x00000010   Code   RO         8929    i.OTG_HS_EP1_OUT_IRQHandler  usb_bsp.o
    0x0800cbb0   0x0800cbb0   0x00000010   Code   RO         8930    i.OTG_HS_IRQHandler  usb_bsp.o
    0x0800cbc0   0x0800cbc0   0x00000080   Code   RO         7645    i.Out_4094          adc.o
    0x0800cc40   0x0800cc40   0x0000000c   Code   RO         2813    i.PWR_BackupAccessCmd  stm32f4xx_pwr.o
    0x0800cc4c   0x0800cc4c   0x00000002   Code   RO         5398    i.PendSV_Handler    stm32f4xx_it.o
    0x0800cc4e   0x0800cc4e   0x00000002   PAD
    0x0800cc50   0x0800cc50   0x0000004c   Code   RO         5664    i.PutPixel          bsp_lcd.o
    0x0800cc9c   0x0800cc9c   0x00000020   Code   RO         2960    i.RCC_AHB1PeriphClockCmd  stm32f4xx_rcc.o
    0x0800ccbc   0x0800ccbc   0x00000020   Code   RO         2962    i.RCC_AHB1PeriphResetCmd  stm32f4xx_rcc.o
    0x0800ccdc   0x0800ccdc   0x00000020   Code   RO         2966    i.RCC_AHB3PeriphClockCmd  stm32f4xx_rcc.o
    0x0800ccfc   0x0800ccfc   0x00000020   Code   RO         2969    i.RCC_APB1PeriphClockCmd  stm32f4xx_rcc.o
    0x0800cd1c   0x0800cd1c   0x00000020   Code   RO         2972    i.RCC_APB2PeriphClockCmd  stm32f4xx_rcc.o
    0x0800cd3c   0x0800cd3c   0x00000040   Code   RO         2982    i.RCC_GetFlagStatus  stm32f4xx_rcc.o
    0x0800cd7c   0x0800cd7c   0x0000002c   Code   RO         2990    i.RCC_LSEConfig     stm32f4xx_rcc.o
    0x0800cda8   0x0800cda8   0x00000018   Code   RO         2993    i.RCC_LTDCCLKDivConfig  stm32f4xx_rcc.o
    0x0800cdc0   0x0800cdc0   0x0000000c   Code   RO         3002    i.RCC_PLLSAICmd     stm32f4xx_rcc.o
    0x0800cdcc   0x0800cdcc   0x00000018   Code   RO         3003    i.RCC_PLLSAIConfig  stm32f4xx_rcc.o
    0x0800cde4   0x0800cde4   0x0000000c   Code   RO         3004    i.RCC_RTCCLKCmd     stm32f4xx_rcc.o
    0x0800cdf0   0x0800cdf0   0x0000003c   Code   RO         3005    i.RCC_RTCCLKConfig  stm32f4xx_rcc.o
    0x0800ce2c   0x0800ce2c   0x00000b94   Code   RO         6420    i.RIGHT_HANDLE      bsp_key.o
    0x0800d9c0   0x0800d9c0   0x00000016   Code   RO         3367    i.RTC_Bcd2ToByte    stm32f4xx_rtc.o
    0x0800d9d6   0x0800d9d6   0x0000001c   Code   RO         3369    i.RTC_ByteToBcd2    stm32f4xx_rtc.o
    0x0800d9f2   0x0800d9f2   0x00000002   PAD
    0x0800d9f4   0x0800d9f4   0x0000006c   Code   RO         7116    i.RTC_CLK_Config    bsp_rtc.o
    0x0800da60   0x0800da60   0x00000050   Code   RO         3379    i.RTC_EnterInitMode  stm32f4xx_rtc.o
    0x0800dab0   0x0800dab0   0x00000014   Code   RO         3380    i.RTC_ExitInitMode  stm32f4xx_rtc.o
    0x0800dac4   0x0800dac4   0x0000004c   Code   RO         3383    i.RTC_GetDate       stm32f4xx_rtc.o
    0x0800db10   0x0800db10   0x00000050   Code   RO         3388    i.RTC_GetTime       stm32f4xx_rtc.o
    0x0800db60   0x0800db60   0x00000064   Code   RO         3393    i.RTC_Init          stm32f4xx_rtc.o
    0x0800dbc4   0x0800dbc4   0x00000020   Code   RO         3396    i.RTC_ReadBackupRegister  stm32f4xx_rtc.o
    0x0800dbe4   0x0800dbe4   0x000000c8   Code   RO         3399    i.RTC_SetDate       stm32f4xx_rtc.o
    0x0800dcac   0x0800dcac   0x000000d0   Code   RO         3400    i.RTC_SetTime       stm32f4xx_rtc.o
    0x0800dd7c   0x0800dd7c   0x00000068   Code   RO         7118    i.RTC_TimeAndDate_Set  bsp_rtc.o
    0x0800dde4   0x0800dde4   0x000008a4   Code   RO         7119    i.RTC_TimeAndDate_Show  bsp_rtc.o
    0x0800e688   0x0800e688   0x00000060   Code   RO         3416    i.RTC_WaitForSynchro  stm32f4xx_rtc.o
    0x0800e6e8   0x0800e6e8   0x0000001c   Code   RO         3419    i.RTC_WriteBackupRegister  stm32f4xx_rtc.o
    0x0800e704   0x0800e704   0x0000006c   Code   RO         7646    i.Range_adj         adc.o
    0x0800e770   0x0800e770   0x0000003c   Code   RO         7647    i.Range_out         adc.o
    0x0800e7ac   0x0800e7ac   0x000000ac   Code   RO         5169    i.Read_Flash_Init_Handle  main.o
    0x0800e858   0x0800e858   0x00000050   Code   RO         5170    i.Read_flag         main.o
    0x0800e8a8   0x0800e8a8   0x000001a0   Code   RO         6421    i.Rfocus_off        bsp_key.o
    0x0800ea48   0x0800ea48   0x000000ec   Code   RO         7205    i.Rheostat_ADC_Mode_Config  touchscreen.o
    0x0800eb34   0x0800eb34   0x000003a4   Code   RO         5512    i.SDRAM_GPIO_Config  bsp_sdram.o
    0x0800eed8   0x0800eed8   0x00000068   Code   RO         5513    i.SDRAM_Init        bsp_sdram.o
    0x0800ef40   0x0800ef40   0x000000c8   Code   RO         5514    i.SDRAM_InitSequence  bsp_sdram.o
    0x0800f008   0x0800f008   0x00000024   Code   RO         5518    i.SDRAM_delay       bsp_sdram.o
    0x0800f02c   0x0800f02c   0x00000018   Code   RO         4115    i.SPI_Cmd           stm32f4xx_spi.o
    0x0800f044   0x0800f044   0x00000050   Code   RO         6261    i.SPI_FLASH_BufferRead  bsp_spi_flash.o
    0x0800f094   0x0800f094   0x00000122   Code   RO         6262    i.SPI_FLASH_BufferWrite  bsp_spi_flash.o
    0x0800f1b6   0x0800f1b6   0x00000002   PAD
    0x0800f1b8   0x0800f1b8   0x000000dc   Code   RO         6264    i.SPI_FLASH_Init    bsp_spi_flash.o
    0x0800f294   0x0800f294   0x00000098   Code   RO         6265    i.SPI_FLASH_PageWrite  bsp_spi_flash.o
    0x0800f32c   0x0800f32c   0x0000003c   Code   RO         6267    i.SPI_FLASH_ReadDeviceID  bsp_spi_flash.o
    0x0800f368   0x0800f368   0x0000004c   Code   RO         6268    i.SPI_FLASH_ReadID  bsp_spi_flash.o
    0x0800f3b4   0x0800f3b4   0x00000040   Code   RO         6270    i.SPI_FLASH_SectorErase  bsp_spi_flash.o
    0x0800f3f4   0x0800f3f4   0x00000078   Code   RO         6271    i.SPI_FLASH_SendByte  bsp_spi_flash.o
    0x0800f46c   0x0800f46c   0x00000054   Code   RO         6274    i.SPI_FLASH_WaitForWriteEnd  bsp_spi_flash.o
    0x0800f4c0   0x0800f4c0   0x0000001c   Code   RO         6275    i.SPI_FLASH_WriteEnable  bsp_spi_flash.o
    0x0800f4dc   0x0800f4dc   0x00000012   Code   RO         4123    i.SPI_I2S_GetFlagStatus  stm32f4xx_spi.o
    0x0800f4ee   0x0800f4ee   0x00000006   Code   RO         4126    i.SPI_I2S_ReceiveData  stm32f4xx_spi.o
    0x0800f4f4   0x0800f4f4   0x00000004   Code   RO         4127    i.SPI_I2S_SendData  stm32f4xx_spi.o
    0x0800f4f8   0x0800f4f8   0x0000003c   Code   RO         4128    i.SPI_Init          stm32f4xx_spi.o
    0x0800f534   0x0800f534   0x00000040   Code   RO         6278    i.SPI_TIMEOUT_UserCallback  bsp_spi_flash.o
    0x0800f574   0x0800f574   0x00000040   Code   RO         7314    i.SPI_TIMEOUT_UserCallback  ch376.o
    0x0800f5b4   0x0800f5b4   0x00000078   Code   RO         7315    i.SPIx_ReadWriteByte  ch376.o
    0x0800f62c   0x0800f62c   0x00000002   Code   RO         5399    i.SVC_Handler       stm32f4xx_it.o
    0x0800f62e   0x0800f62e   0x00000002   PAD
    0x0800f630   0x0800f630   0x00000058   Code   RO         5171    i.Save_flag         main.o
    0x0800f688   0x0800f688   0x00000120   Code   RO           13    i.SetSysClock       system_stm32f4xx.o
    0x0800f7a8   0x0800f7a8   0x00000084   Code   RO         7648    i.Set_4052          adc.o
    0x0800f82c   0x0800f82c   0x00000068   Code   RO         7649    i.SpiRxByte         adc.o
    0x0800f894   0x0800f894   0x00000068   Code   RO         7650    i.SpiTxByte         adc.o
    0x0800f8fc   0x0800f8fc   0x00000008   Code   RO         5400    i.SysTick_Handler   stm32f4xx_it.o
    0x0800f904   0x0800f904   0x00000068   Code   RO         6959    i.SysTick_Init      bsp_systick.o
    0x0800f96c   0x0800f96c   0x00000068   Code   RO           15    i.SystemInit        system_stm32f4xx.o
    0x0800f9d4   0x0800f9d4   0x00000188   Code   RO         7027    i.TIM6_DAC_IRQHandler  bsp_basic_tim.o
    0x0800fb5c   0x0800fb5c   0x0000004c   Code   RO         7028    i.TIM7_IRQHandler   bsp_basic_tim.o
    0x0800fba8   0x0800fba8   0x00000006   Code   RO         4347    i.TIM_ClearFlag     stm32f4xx_tim.o
    0x0800fbae   0x0800fbae   0x00000006   Code   RO         4348    i.TIM_ClearITPendingBit  stm32f4xx_tim.o
    0x0800fbb4   0x0800fbb4   0x00000018   Code   RO         4353    i.TIM_Cmd           stm32f4xx_tim.o
    0x0800fbcc   0x0800fbcc   0x00000022   Code   RO         4374    i.TIM_GetITStatus   stm32f4xx_tim.o
    0x0800fbee   0x0800fbee   0x00000012   Code   RO         4378    i.TIM_ITConfig      stm32f4xx_tim.o
    0x0800fc00   0x0800fc00   0x00000040   Code   RO         7031    i.TIM_Mode_Config   bsp_basic_tim.o
    0x0800fc40   0x0800fc40   0x00000012   Code   RO         4385    i.TIM_OC1PreloadConfig  stm32f4xx_tim.o
    0x0800fc52   0x0800fc52   0x00000002   PAD
    0x0800fc54   0x0800fc54   0x000000a0   Code   RO         4392    i.TIM_OC3Init       stm32f4xx_tim.o
    0x0800fcf4   0x0800fcf4   0x00000064   Code   RO         7032    i.TIM_PWMOUTPUT_Config  bsp_basic_tim.o
    0x0800fd58   0x0800fd58   0x00000084   Code   RO         4425    i.TIM_TimeBaseInit  stm32f4xx_tim.o
    0x0800fddc   0x0800fddc   0x0000001c   Code   RO         7033    i.TIMx_Configuration  bsp_basic_tim.o
    0x0800fdf8   0x0800fdf8   0x00000040   Code   RO         7034    i.TIMx_GPIO_Config  bsp_basic_tim.o
    0x0800fe38   0x0800fe38   0x0000002a   Code   RO         7035    i.TIMx_NVIC_Configuration  bsp_basic_tim.o
    0x0800fe62   0x0800fe62   0x00000002   PAD
    0x0800fe64   0x0800fe64   0x0000025c   Code   RO         5172    i.Test_Process      main.o
    0x080100c0   0x080100c0   0x00000018   Code   RO         6960    i.TimingDelay_Decrement  bsp_systick.o
    0x080100d8   0x080100d8   0x00000084   Code   RO         7208    i.Touch_GPIO_Config  touchscreen.o
    0x0801015c   0x0801015c   0x0000000c   Code   RO         7209    i.Touch_Init        touchscreen.o
    0x08010168   0x08010168   0x00000190   Code   RO         7210    i.Touch_Scan        touchscreen.o
    0x080102f8   0x080102f8   0x00000ad8   Code   RO         6423    i.UP_HANDLE         bsp_key.o
    0x08010dd0   0x08010dd0   0x00000120   Code   RO         5401    i.USART1_IRQHandler  stm32f4xx_it.o
    0x08010ef0   0x08010ef0   0x0000001e   Code   RO         4904    i.USART_ClearITPendingBit  stm32f4xx_usart.o
    0x08010f0e   0x08010f0e   0x0000001a   Code   RO         4910    i.USART_GetFlagStatus  stm32f4xx_usart.o
    0x08010f28   0x08010f28   0x00000054   Code   RO         4911    i.USART_GetITStatus  stm32f4xx_usart.o
    0x08010f7c   0x08010f7c   0x0000000a   Code   RO         4921    i.USART_ReceiveData  stm32f4xx_usart.o
    0x08010f86   0x08010f86   0x00000008   Code   RO         4924    i.USART_SendData    stm32f4xx_usart.o
    0x08010f8e   0x08010f8e   0x00000016   Code   RO         8455    i.USBD_ClrCfg       usbd_core.o
    0x08010fa4   0x08010fa4   0x00000048   Code   RO         8629    i.USBD_ClrFeature   usbd_req.o
    0x08010fec   0x08010fec   0x0000001e   Code   RO         8569    i.USBD_CtlContinueRx  usbd_ioreq.o
    0x0801100a   0x0801100a   0x0000001e   Code   RO         8570    i.USBD_CtlContinueSendData  usbd_ioreq.o
    0x08011028   0x08011028   0x0000001e   Code   RO         8630    i.USBD_CtlError     usbd_req.o
    0x08011046   0x08011046   0x00000024   Code   RO         8572    i.USBD_CtlReceiveStatus  usbd_ioreq.o
    0x0801106a   0x0801106a   0x0000002e   Code   RO         8573    i.USBD_CtlSendData  usbd_ioreq.o
    0x08011098   0x08011098   0x00000024   Code   RO         8574    i.USBD_CtlSendStatus  usbd_ioreq.o
    0x080110bc   0x080110bc   0x000000d0   Code   RO         8456    i.USBD_DataInStage  usbd_core.o
    0x0801118c   0x0801118c   0x00000096   Code   RO         8457    i.USBD_DataOutStage  usbd_core.o
    0x08011222   0x08011222   0x00000018   Code   RO         8459    i.USBD_DevConnected  usbd_core.o
    0x0801123a   0x0801123a   0x00000024   Code   RO         8460    i.USBD_DevDisconnected  usbd_core.o
    0x0801125e   0x0801125e   0x00000002   PAD
    0x08011260   0x08011260   0x00000054   Code   RO         8631    i.USBD_GetConfig    usbd_req.o
    0x080112b4   0x080112b4   0x00000184   Code   RO         8632    i.USBD_GetDescriptor  usbd_req.o
    0x08011438   0x08011438   0x00000014   Code   RO         8633    i.USBD_GetLen       usbd_req.o
    0x0801144c   0x0801144c   0x00000050   Code   RO         8634    i.USBD_GetStatus    usbd_req.o
    0x0801149c   0x0801149c   0x00000052   Code   RO         8635    i.USBD_GetString    usbd_req.o
    0x080114ee   0x080114ee   0x00000012   Code   RO         8462    i.USBD_IsoINIncomplete  usbd_core.o
    0x08011500   0x08011500   0x00000012   Code   RO         8463    i.USBD_IsoOUTIncomplete  usbd_core.o
    0x08011512   0x08011512   0x00000002   PAD
    0x08011514   0x08011514   0x000000ec   Code   RO         8359    i.USBD_OTG_EP1IN_ISR_Handler  usb_dcd_int.o
    0x08011600   0x08011600   0x00000080   Code   RO         8360    i.USBD_OTG_EP1OUT_ISR_Handler  usb_dcd_int.o
    0x08011680   0x08011680   0x00000100   Code   RO         8361    i.USBD_OTG_ISR_Handler  usb_dcd_int.o
    0x08011780   0x08011780   0x00000048   Code   RO         8636    i.USBD_ParseSetupRequest  usbd_req.o
    0x080117c8   0x080117c8   0x00000032   Code   RO         8464    i.USBD_Reset        usbd_core.o
    0x080117fa   0x080117fa   0x0000001e   Code   RO         8465    i.USBD_Resume       usbd_core.o
    0x08011818   0x08011818   0x00000014   Code   RO         8466    i.USBD_RunTestMode  usbd_core.o
    0x0801182c   0x0801182c   0x0000001a   Code   RO         8467    i.USBD_SOF          usbd_core.o
    0x08011846   0x08011846   0x0000005c   Code   RO         8637    i.USBD_SetAddress   usbd_req.o
    0x080118a2   0x080118a2   0x0000001e   Code   RO         8468    i.USBD_SetCfg       usbd_core.o
    0x080118c0   0x080118c0   0x000000d0   Code   RO         8638    i.USBD_SetConfig    usbd_req.o
    0x08011990   0x08011990   0x000000a4   Code   RO         8639    i.USBD_SetFeature   usbd_req.o
    0x08011a34   0x08011a34   0x00000054   Code   RO         8469    i.USBD_SetupStage   usbd_core.o
    0x08011a88   0x08011a88   0x00000072   Code   RO         8640    i.USBD_StdDevReq    usbd_req.o
    0x08011afa   0x08011afa   0x00000002   PAD
    0x08011afc   0x08011afc   0x0000015c   Code   RO         8641    i.USBD_StdEPReq     usbd_req.o
    0x08011c58   0x08011c58   0x0000004c   Code   RO         8642    i.USBD_StdItfReq    usbd_req.o
    0x08011ca4   0x08011ca4   0x00000020   Code   RO         8470    i.USBD_Suspend      usbd_core.o
    0x08011cc4   0x08011cc4   0x00000034   Code   RO         8861    i.USBD_USR_ConfigStrDescriptor  usbd_desc.o
    0x08011cf8   0x08011cf8   0x00000010   Code   RO         8862    i.USBD_USR_DeviceDescriptor  usbd_desc.o
    0x08011d08   0x08011d08   0x00000038   Code   RO         8863    i.USBD_USR_InterfaceStrDescriptor  usbd_desc.o
    0x08011d40   0x08011d40   0x00000010   Code   RO         8864    i.USBD_USR_LangIDStrDescriptor  usbd_desc.o
    0x08011d50   0x08011d50   0x0000002c   Code   RO         8865    i.USBD_USR_ManufacturerStrDescriptor  usbd_desc.o
    0x08011d7c   0x08011d7c   0x00000058   Code   RO         8866    i.USBD_USR_ProductStrDescriptor  usbd_desc.o
    0x08011dd4   0x08011dd4   0x00000048   Code   RO         8867    i.USBD_USR_SerialStrDescriptor  usbd_desc.o
    0x08011e1c   0x08011e1c   0x00000022   Code   RO         8934    i.USB_OTG_BSP_uDelay  usb_bsp.o
    0x08011e3e   0x08011e3e   0x0000006a   Code   RO         8019    i.USB_OTG_EP0Activate  usb_core.o
    0x08011ea8   0x08011ea8   0x00000156   Code   RO         8020    i.USB_OTG_EP0StartXfer  usb_core.o
    0x08011ffe   0x08011ffe   0x00000062   Code   RO         8021    i.USB_OTG_EP0_OutStart  usb_core.o
    0x08012060   0x08012060   0x000000b0   Code   RO         8022    i.USB_OTG_EPActivate  usb_core.o
    0x08012110   0x08012110   0x00000050   Code   RO         8023    i.USB_OTG_EPClearStall  usb_core.o
    0x08012160   0x08012160   0x00000064   Code   RO         8025    i.USB_OTG_EPSetStall  usb_core.o
    0x080121c4   0x080121c4   0x000001f6   Code   RO         8026    i.USB_OTG_EPStartXfer  usb_core.o
    0x080123ba   0x080123ba   0x00000002   PAD
    0x080123bc   0x080123bc   0x00000054   Code   RO         8031    i.USB_OTG_FlushTxFifo  usb_core.o
    0x08012410   0x08012410   0x00000034   Code   RO         8032    i.USB_OTG_GetDeviceSpeed  usb_core.o
    0x08012444   0x08012444   0x0000000c   Code   RO         8034    i.USB_OTG_GetMode   usb_core.o
    0x08012450   0x08012450   0x00000016   Code   RO         8036    i.USB_OTG_IsDeviceMode  usb_core.o
    0x08012466   0x08012466   0x00000010   Code   RO         8038    i.USB_OTG_ReadCoreItr  usb_core.o
    0x08012476   0x08012476   0x00000010   Code   RO         8039    i.USB_OTG_ReadDevAllInEPItr  usb_core.o
    0x08012486   0x08012486   0x00000010   Code   RO         8040    i.USB_OTG_ReadDevAllOutEp_itr  usb_core.o
    0x08012496   0x08012496   0x00000014   Code   RO         8041    i.USB_OTG_ReadDevOutEP_itr  usb_core.o
    0x080124aa   0x080124aa   0x00000028   Code   RO         8043    i.USB_OTG_ReadPacket  usb_core.o
    0x080124d2   0x080124d2   0x00000040   Code   RO         8049    i.USB_OTG_WritePacket  usb_core.o
    0x08012512   0x08012512   0x00000004   Code   RO         5402    i.UsageFault_Handler  stm32f4xx_it.o
    0x08012516   0x08012516   0x00000014   Code   RO         7651    i.Wr_CmDat          adc.o
    0x0801252a   0x0801252a   0x00000002   PAD
    0x0801252c   0x0801252c   0x00000264   Code   RO         7211    i.XYCAL             touchscreen.o
    0x08012790   0x08012790   0x00000020   Code   RO         9240    i.__0printf         mc_w.l(printfa.o)
    0x080127b0   0x080127b0   0x00000028   Code   RO         9242    i.__0sprintf        mc_w.l(printfa.o)
    0x080127d8   0x080127d8   0x00000008   Code   RO         9339    i.__aeabi_errno_addr  mc_w.l(errno.o)
    0x080127e0   0x080127e0   0x00000038   Code   RO         8986    i.__hardfp_atof     m_wm.l(atof.o)
    0x08012818   0x08012818   0x0000000c   Code   RO         9340    i.__read_errno      mc_w.l(errno.o)
    0x08012824   0x08012824   0x0000000e   Code   RO         9410    i.__scatterload_copy  mc_w.l(handlers.o)
    0x08012832   0x08012832   0x00000002   Code   RO         9411    i.__scatterload_null  mc_w.l(handlers.o)
    0x08012834   0x08012834   0x0000000e   Code   RO         9412    i.__scatterload_zeroinit  mc_w.l(handlers.o)
    0x08012842   0x08012842   0x00000002   PAD
    0x08012844   0x08012844   0x0000000c   Code   RO         9341    i.__set_errno       mc_w.l(errno.o)
    0x08012850   0x08012850   0x00000184   Code   RO         9247    i._fp_digits        mc_w.l(printfa.o)
    0x080129d4   0x080129d4   0x0000000e   Code   RO         9395    i._is_digit         mc_w.l(scanf_fp.o)
    0x080129e2   0x080129e2   0x00000002   PAD
    0x080129e4   0x080129e4   0x000006dc   Code   RO         9248    i._printf_core      mc_w.l(printfa.o)
    0x080130c0   0x080130c0   0x00000024   Code   RO         9249    i._printf_post_padding  mc_w.l(printfa.o)
    0x080130e4   0x080130e4   0x0000002e   Code   RO         9250    i._printf_pre_padding  mc_w.l(printfa.o)
    0x08013112   0x08013112   0x0000000a   Code   RO         9252    i._sputc            mc_w.l(printfa.o)
    0x0801311c   0x0801311c   0x00000100   Code   RO         6425    i.brt_set           bsp_key.o
    0x0801321c   0x0801321c   0x00000044   Code   RO         6427    i.clear_input       bsp_key.o
    0x08013260   0x08013260   0x00000210   Code   RO         6428    i.commaxfocus_off   bsp_key.o
    0x08013470   0x08013470   0x00000240   Code   RO         6429    i.commaxfocus_on    bsp_key.o
    0x080136b0   0x080136b0   0x000001f8   Code   RO         6430    i.comminfocus_off   bsp_key.o
    0x080138a8   0x080138a8   0x00000228   Code   RO         6431    i.comminfocus_on    bsp_key.o
    0x08013ad0   0x08013ad0   0x00000190   Code   RO         6432    i.consfocus_off     bsp_key.o
    0x08013c60   0x08013c60   0x000001d0   Code   RO         6433    i.consfocus_on      bsp_key.o
    0x08013e30   0x08013e30   0x000000b8   Code   RO         6434    i.del_num           bsp_key.o
    0x08013ee8   0x08013ee8   0x00000018   Code   RO         6961    i.delay_us          bsp_systick.o
    0x08013f00   0x08013f00   0x000000b4   Code   RO         6435    i.delaytimefocus_off  bsp_key.o
    0x08013fb4   0x08013fb4   0x000000f4   Code   RO         6436    i.delaytimefocus_on  bsp_key.o
    0x080140a8   0x080140a8   0x0000024c   Code   RO         6437    i.dim_set           bsp_key.o
    0x080142f4   0x080142f4   0x00000070   Code   RO         6439    i.focus_off1        bsp_key.o
    0x08014364   0x08014364   0x00000070   Code   RO         6441    i.focus_on1         bsp_key.o
    0x080143d4   0x080143d4   0x00000024   Code   RO         6208    i.fputc             bsp_debug_usart.o
    0x080143f8   0x080143f8   0x00000150   Code   RO         6442    i.input_num         bsp_key.o
    0x08014548   0x08014548   0x00000058   Code   RO         6443    i.leftfocus_off     bsp_key.o
    0x080145a0   0x080145a0   0x00000088   Code   RO         6444    i.leftfocus_on      bsp_key.o
    0x08014628   0x08014628   0x000001c8   Code   RO         5175    i.main              main.o
    0x080147f0   0x080147f0   0x000001e4   Code   RO         6445    i.maxfocus_off      bsp_key.o
    0x080149d4   0x080149d4   0x00000218   Code   RO         6446    i.maxfocus_on       bsp_key.o
    0x08014bec   0x08014bec   0x000001d4   Code   RO         6447    i.minfocus_off      bsp_key.o
    0x08014dc0   0x08014dc0   0x00000208   Code   RO         6448    i.minfocus_on       bsp_key.o
    0x08014fc8   0x08014fc8   0x00000048   Code   RO         6449    i.minus_day         bsp_key.o
    0x08015010   0x08015010   0x00000050   Code   RO         6450    i.minus_hour        bsp_key.o
    0x08015060   0x08015060   0x00000050   Code   RO         6451    i.minus_min         bsp_key.o
    0x080150b0   0x080150b0   0x00000048   Code   RO         6452    i.minus_mon         bsp_key.o
    0x080150f8   0x080150f8   0x00000050   Code   RO         6453    i.minus_sec         bsp_key.o
    0x08015148   0x08015148   0x00000048   Code   RO         6454    i.minus_year        bsp_key.o
    0x08015190   0x08015190   0x000001a0   Code   RO         6457    i.nomafocus_off     bsp_key.o
    0x08015330   0x08015330   0x000001dc   Code   RO         6458    i.nomafocus_on      bsp_key.o
    0x0801550c   0x0801550c   0x000002c0   Code   RO         7939    i.page_measure      manu.o
    0x080157cc   0x080157cc   0x00000544   Code   RO         7768    i.page_set          settings.o
    0x08015d10   0x08015d10   0x00000364   Code   RO         7912    i.page_setdis       display.o
    0x08016074   0x08016074   0x000001e4   Code   RO         7733    i.page_sys          system.o
    0x08016258   0x08016258   0x00000368   Code   RO         7825    i.page_sysinfo      sysinfo.o
    0x080165c0   0x080165c0   0x000002ec   Code   RO         7981    i.page_usb          usb.o
    0x080168ac   0x080168ac   0x00000048   Code   RO         6459    i.plus_day          bsp_key.o
    0x080168f4   0x080168f4   0x00000050   Code   RO         6460    i.plus_hour         bsp_key.o
    0x08016944   0x08016944   0x00000050   Code   RO         6461    i.plus_min          bsp_key.o
    0x08016994   0x08016994   0x00000048   Code   RO         6462    i.plus_mon          bsp_key.o
    0x080169dc   0x080169dc   0x00000050   Code   RO         6463    i.plus_sec          bsp_key.o
    0x08016a2c   0x08016a2c   0x00000048   Code   RO         6464    i.plus_year         bsp_key.o
    0x08016a74   0x08016a74   0x0000008c   Code   RO         7883    i.power_on          power_on.o
    0x08016b00   0x08016b00   0x00000054   Code   RO         6465    i.rightfocus_off    bsp_key.o
    0x08016b54   0x08016b54   0x0000008c   Code   RO         6466    i.rightfocus_on     bsp_key.o
    0x08016be0   0x08016be0   0x00000034   Code   RO         7213    i.set_xx            touchscreen.o
    0x08016c14   0x08016c14   0x00000034   Code   RO         7214    i.set_yy            touchscreen.o
    0x08016c48   0x08016c48   0x0000009c   Code   RO         6467    i.stimefocus_off    bsp_key.o
    0x08016ce4   0x08016ce4   0x000000d8   Code   RO         6468    i.stimefocus_on     bsp_key.o
    0x08016dbc   0x08016dbc   0x00000160   Code   RO         6469    i.tc_parfocus_off   bsp_key.o
    0x08016f1c   0x08016f1c   0x0000019c   Code   RO         6470    i.tc_parfocus_on    bsp_key.o
    0x080170b8   0x080170b8   0x000001c0   Code   RO         6471    i.tc_tepfocus_off   bsp_key.o
    0x08017278   0x08017278   0x000001f8   Code   RO         6472    i.tc_tepfocus_on    bsp_key.o
    0x08017470   0x08017470   0x000000d4   Code   RO         6473    i.touch_set         bsp_key.o
    0x08017544   0x08017544   0x0000000c   Code   RO         7318    i.xEndCH376Cmd      ch376.o
    0x08017550   0x08017550   0x00000014   Code   RO         7319    i.xReadCH376Data    ch376.o
    0x08017564   0x08017564   0x00000044   Code   RO         7320    i.xWriteCH376Cmd    ch376.o
    0x080175a8   0x080175a8   0x00000012   Code   RO         7321    i.xWriteCH376Data   ch376.o
    0x080175ba   0x080175ba   0x00000026   Data   RO         5178    .constdata          main.o
    0x080175e0   0x080175e0   0x0004bc28   Data   RO         6171    .constdata          fonts.o
    0x08063208   0x08063208   0x00000081   Data   RO         9366    .constdata          mc_w.l(ctype_o.o)
    0x08063289   0x08063289   0x00000003   PAD
    0x0806328c   0x0806328c   0x00000004   Data   RO         9367    .constdata          mc_w.l(ctype_o.o)
    0x08063290   0x08063290   0x00000020   Data   RO         9408    Region$$Table       anon$$obj.o


    Execution Region RW_IRAM1 (Exec base: 0x20000000, Load base: 0x080632b0, Size: 0x000072b0, Max: 0x00030000, ABSOLUTE, COMPRESSED[0x00000178])

    Exec Addr    Load Addr    Size         Type   Attr      Idx    E Section Name        Object

    0x20000000   COMPRESSED   0x00000014   Data   RW           16    .data               system_stm32f4xx.o
    0x20000014   COMPRESSED   0x00000055   Data   RW         5179    .data               main.o
    0x20000069   COMPRESSED   0x00000003   PAD
    0x2000006c   COMPRESSED   0x0000000d   Data   RW         5404    .data               stm32f4xx_it.o
    0x20000079   COMPRESSED   0x00000003   PAD
    0x2000007c   COMPRESSED   0x0000001a   Data   RW         5666    .data               bsp_lcd.o
    0x20000096   COMPRESSED   0x00000002   PAD
    0x20000098   COMPRESSED   0x000000a9   Data   RW         6172    .data               fonts.o
    0x20000141   COMPRESSED   0x00000003   PAD
    0x20000144   COMPRESSED   0x00000004   Data   RW         6279    .data               bsp_spi_flash.o
    0x20000148   COMPRESSED   0x00000024   Data   RW         6480    .data               bsp_key.o
    0x2000016c   COMPRESSED   0x00000004   Data   RW         6962    .data               bsp_systick.o
    0x20000170   COMPRESSED   0x00000026   Data   RW         7036    .data               bsp_basic_tim.o
    0x20000196   COMPRESSED   0x00000002   PAD
    0x20000198   COMPRESSED   0x0000000b   Data   RW         7121    .data               bsp_rtc.o
    0x200001a3   COMPRESSED   0x00000001   PAD
    0x200001a4   COMPRESSED   0x00000028   Data   RW         7216    .data               touchscreen.o
    0x200001cc   COMPRESSED   0x00000004   Data   RW         7322    .data               ch376.o
    0x200001d0   COMPRESSED   0x0000002a   Data   RW         7653    .data               adc.o
    0x200001fa   COMPRESSED   0x00000084   Data   RW         7940    .data               manu.o
    0x2000027e   COMPRESSED   0x00000001   Data   RW         7983    .data               usb.o
    0x2000027f   COMPRESSED   0x00000001   PAD
    0x20000280   COMPRESSED   0x00000034   Data   RW         8471    .data               usbd_core.o
    0x200002b4   COMPRESSED   0x0000000d   Data   RW         8644    .data               usbd_req.o
    0x200002c1   COMPRESSED   0x00000003   PAD
    0x200002c4   COMPRESSED   0x0000003c   Data   RW         8868    .data               usbd_desc.o
    0x20000300   COMPRESSED   0x00000004   Data   RW         9322    .data               mc_w.l(stdout.o)
    0x20000304   COMPRESSED   0x00000004   Data   RW         9342    .data               mc_w.l(errno.o)
    0x20000308        -       0x000007c4   Zero   RW         5177    .bss                main.o
    0x20000acc        -       0x00000027   Zero   RW         5403    .bss                stm32f4xx_it.o
    0x20000af3        -       0x00005d88   Zero   RW         5665    .bss                bsp_lcd.o
    0x2000687b   COMPRESSED   0x00000001   PAD
    0x2000687c        -       0x00000134   Zero   RW         6478    .bss                bsp_key.o
    0x200069b0        -       0x00000046   Zero   RW         7120    .bss                bsp_rtc.o
    0x200069f6   COMPRESSED   0x00000002   PAD
    0x200069f8        -       0x00000050   Zero   RW         7215    .bss                touchscreen.o
    0x20006a48        -       0x00000088   Zero   RW         7652    .bss                adc.o
    0x20006ad0        -       0x00000140   Zero   RW         7794    .bss                separation.o
    0x20006c10        -       0x000000f0   Zero   RW         7851    .bss                calibarate.o
    0x20006d00        -       0x000000aa   Zero   RW         7982    .bss                usb.o
    0x20006daa        -       0x000000ff   Zero   RW         8643    .bss                usbd_req.o
    0x20006ea9   COMPRESSED   0x00000007   PAD
    0x20006eb0        -       0x00000400   Zero   RW            1    STACK               startup_stm32f429_439xx.o


==============================================================================

Image component sizes


      Code (inc. data)   RO Data    RW Data    ZI Data      Debug   Object Name

      1108         88          0         42        136       8913   adc.o
       766         72          0         38          0       6339   bsp_basic_tim.o
        60          4          0          0          0        555   bsp_beep.o
        36          4          0          0          0        620   bsp_debug_usart.o
     36862       3768          0         36        308      63985   bsp_key.o
      9316       1472          0         26      23944      35717   bsp_lcd.o
      2424        130          0         11         70       3213   bsp_rtc.o
      1272         28          0          0          0       3129   bsp_sdram.o
      1238        158          0          4          0       7951   bsp_spi_flash.o
       152         26          0          4          0      28701   bsp_systick.o
         0          0          0          0        240        895   calibarate.o
       662         90          0          4          0       5251   ch376.o
       868        274          0          0          0        798   display.o
        36          4     310312        169          0       4798   fonts.o
      1726        210         38         85       1988      35371   main.o
      2248        550          0        132          0       3317   manu.o
       140         24          0          0          0       1747   misc.o
     11038         60          0          0          0       2798   power_on.o
         0          0          0          0        320        948   separation.o
      1348        352          0          0          0        991   settings.o
        36          8        428          0       1024        972   startup_stm32f429_439xx.o
       392         24          0          0          0       6015   stm32f4xx_adc.o
       110          6          0          0          0       2573   stm32f4xx_dma.o
       294         20          0          0          0       3160   stm32f4xx_dma2d.o
       452         20          0          0          0       3823   stm32f4xx_fmc.o
       240          0          0          0          0       3919   stm32f4xx_gpio.o
       360         44          0         13         39       6518   stm32f4xx_it.o
       742         26          0          0          0       4630   stm32f4xx_ltdc.o
        12          6          0          0          0        590   stm32f4xx_pwr.o
       400         72          0          0          0       7718   stm32f4xx_rcc.o
       970         66          0          0          0       9486   stm32f4xx_rtc.o
       112          0          0          0          0       3886   stm32f4xx_spi.o
       398         38          0          0          0       6143   stm32f4xx_tim.o
       158          0          0          0          0       4261   stm32f4xx_usart.o
       872        374          0          0          0        715   sysinfo.o
      2104        560          0          0          0       2367   system.o
       392         32          0         20          0     357569   system_stm32f4xx.o
      1536        164          0         40         80       6121   touchscreen.o
       748        166          0          1        170       1676   usb.o
        82         18          0          0          0       2534   usb_bsp.o
      1746          4          0          0          0      12677   usb_core.o
       436          0          0          0          0       4698   usb_dcd.o
      2456         68          0          0          0      12514   usb_dcd_int.o
       748          6          0         52          0      10170   usbd_core.o
       344        168          0         60          0       5844   usbd_desc.o
       178          0          0          0          0       3756   usbd_ioreq.o
      1830         60          0         13        255      10587   usbd_req.o

    ----------------------------------------------------------------------
     89494       9264     310810        768      28584     710959   Object Totals
         0          0         32          0          0          0   (incl. Generated)
        46          0          0         18         10          0   (incl. Padding)

    ----------------------------------------------------------------------

      Code (inc. data)   RO Data    RW Data    ZI Data      Debug   Library Member Name

        56         12          0          0          0        132   atof.o
        86          0          0          0          0          0   __dczerorl2.o
        28          0          0          0          0         68   _chval.o
        64          0          0          0          0         84   _sgetc.o
       158          0          0          0          0         92   _strtoul.o
        26          0          0          0          0         80   atoi.o
         8          4        133          0          0         68   ctype_o.o
         0          0          0          0          0          0   entry.o
         0          0          0          0          0          0   entry10a.o
         0          0          0          0          0          0   entry11a.o
         8          4          0          0          0          0   entry2.o
         4          0          0          0          0          0   entry5.o
         0          0          0          0          0          0   entry7b.o
         0          0          0          0          0          0   entry8b.o
         8          4          0          0          0          0   entry9a.o
        32         16          0          4          0        204   errno.o
        30          0          0          0          0          0   handlers.o
        36          8          0          0          0         68   init.o
        18          0          0          0          0         76   isspace_o.o
         0          0          0          0          0          0   iusefp.o
        30          0          0          0          0         68   llshl.o
        36          0          0          0          0         68   llsshr.o
        32          0          0          0          0         68   llushr.o
        36          0          0          0          0        108   memseta.o
      2308         96          0          0          0        604   printfa.o
       878         12          0          0          0        216   scanf_fp.o
         0          0          0          4          0          0   stdout.o
        24          0          0          0          0         68   strcat.o
        28          0          0          0          0         76   strcmp.o
        18          0          0          0          0         68   strcpy.o
        24          0          0          0          0         76   strncpy.o
       156         12          0          0          0        120   strtod.o
       112          0          0          0          0         88   strtol.o
        44          0          0          0          0         80   uidiv.o
        98          0          0          0          0         92   uldiv.o
        48          0          0          0          0         68   cdrcmple.o
        56          0          0          0          0         88   d2f.o
       334          0          0          0          0        148   dadd.o
       222          0          0          0          0        100   ddiv.o
       186          0          0          0          0        176   depilogue.o
        62          0          0          0          0         80   dfixi.o
        48          0          0          0          0         68   dfixul.o
        24          0          0          0          0         76   dfltul.o
       228          0          0          0          0         96   dmul.o
        38          0          0          0          0         68   f2d.o
       110          0          0          0          0        168   fepilogue.o

    ----------------------------------------------------------------------
      5752        168        136          8          0       3808   Library Totals
        10          0          3          0          0          0   (incl. Padding)

    ----------------------------------------------------------------------

      Code (inc. data)   RO Data    RW Data    ZI Data      Debug   Library Name

        56         12          0          0          0        132   m_wm.l
      4330        156        133          8          0       2540   mc_w.l
      1356          0          0          0          0       1136   mf_w.l

    ----------------------------------------------------------------------
      5752        168        136          8          0       3808   Library Totals

    ----------------------------------------------------------------------

==============================================================================


      Code (inc. data)   RO Data    RW Data    ZI Data      Debug   

     95246       9432     310946        776      28584     675975   Grand Totals
     95246       9432     310946        376      28584     675975   ELF Image Totals (compressed)
     95246       9432     310946        376          0          0   ROM Totals

==============================================================================

    Total RO  Size (Code + RO Data)               406192 ( 396.67kB)
    Total RW  Size (RW Data + ZI Data)             29360 (  28.67kB)
    Total ROM Size (Code + RO Data + RW Data)     406568 ( 397.04kB)

==============================================================================

